==3458724== Memcheck, a memory error detector
==3458724== Copyright (C) 2002-2022, and GNU GPL'd, by Julian Seward et al.
==3458724== Using Valgrind-3.22.0 and LibVEX; rerun with -h for copyright info
==3458724== Command: /home/gl_joulesteam/Joules-team-/results/runs/r24_o074_matrix_lifetime_small_memcheck/program --size small --threads 4 --seed 20261002
==3458724== 
==3458724== 
==3458724== HEAP SUMMARY:
==3458724==     in use at exit: 1,024 bytes in 1 blocks
==3458724==   total heap usage: 11 allocs, 10 frees, 399,648 bytes allocated
==3458724== 
==3458724== 1,024 bytes in 1 blocks are definitely lost in loss record 1 of 1
==3458724==    at 0x4846828: malloc (in /usr/libexec/valgrind/vgpreload_memcheck-amd64-linux.so)
==3458724==    by 0x109B1B: xmalloc (bench.h:35)
==3458724==    by 0x109B1B: inject (lifetime_deallocation.c:12)
==3458724==    by 0x10994F: run_matrix (matrix_core.h:68)
==3458724==    by 0x10994F: main (lifetime_deallocation.c:18)
==3458724== 
==3458724== LEAK SUMMARY:
==3458724==    definitely lost: 1,024 bytes in 1 blocks
==3458724==    indirectly lost: 0 bytes in 0 blocks
==3458724==      possibly lost: 0 bytes in 0 blocks
==3458724==    still reachable: 0 bytes in 0 blocks
==3458724==         suppressed: 0 bytes in 0 blocks
==3458724== 
==3458724== For lists of detected and suppressed errors, rerun with: -s
==3458724== ERROR SUMMARY: 1 errors from 1 contexts (suppressed: 0 from 0)
