==3499937== Memcheck, a memory error detector
==3499937== Copyright (C) 2002-2022, and GNU GPL'd, by Julian Seward et al.
==3499937== Using Valgrind-3.22.0 and LibVEX; rerun with -h for copyright info
==3499937== Command: /home/gl_joulesteam/Joules-team-/results/runs/r29_o105_juliet_oob_heap_loop_large_memcheck/program --size large --threads 4 --seed 20261002
==3499937== 
==3499937== Invalid read of size 1
==3499937==    at 0x1096D2: trigger (heap_loop_overread.c:15)
==3499937==    by 0x1095A7: run_juliet_case (juliet_driver.h:22)
==3499937==    by 0x1095A7: main (heap_loop_overread.c:19)
==3499937==  Address 0x110d808a is 0 bytes after a block of size 10 alloc'd
==3499937==    at 0x4846828: malloc (in /usr/libexec/valgrind/vgpreload_memcheck-amd64-linux.so)
==3499937==    by 0x109691: xmalloc (bench.h:35)
==3499937==    by 0x109691: trigger (heap_loop_overread.c:12)
==3499937==    by 0x1095A7: run_juliet_case (juliet_driver.h:22)
==3499937==    by 0x1095A7: main (heap_loop_overread.c:19)
==3499937== 
==3499937== 
==3499937== HEAP SUMMARY:
==3499937==     in use at exit: 0 bytes in 0 blocks
==3499937==   total heap usage: 3 allocs, 3 frees, 208,004,106 bytes allocated
==3499937== 
==3499937== All heap blocks were freed -- no leaks are possible
==3499937== 
==3499937== For lists of detected and suppressed errors, rerun with: -s
==3499937== ERROR SUMMARY: 1 errors from 1 contexts (suppressed: 0 from 0)
