==3345836== Memcheck, a memory error detector
==3345836== Copyright (C) 2002-2022, and GNU GPL'd, by Julian Seward et al.
==3345836== Using Valgrind-3.22.0 and LibVEX; rerun with -h for copyright info
==3345836== Command: /home/gl_joulesteam/Joules-team-/results/runs/r10_o073_hash_lifetime_large_memcheck/program --size large --threads 4 --seed 20261002
==3345836== 
==3345836== 
==3345836== HEAP SUMMARY:
==3345836==     in use at exit: 72 bytes in 1 blocks
==3345836==   total heap usage: 300,023 allocs, 300,022 frees, 37,799,304 bytes allocated
==3345836== 
==3345836== 72 bytes in 1 blocks are definitely lost in loss record 1 of 1
==3345836==    at 0x4846828: malloc (in /usr/libexec/valgrind/vgpreload_memcheck-amd64-linux.so)
==3345836==    by 0x109E1C: xmalloc (bench.h:35)
==3345836==    by 0x109E1C: inject (lifetime_deallocation.c:11)
==3345836==    by 0x109B5D: run_hash (hash_core.h:65)
==3345836==    by 0x109B5D: main (lifetime_deallocation.c:18)
==3345836== 
==3345836== LEAK SUMMARY:
==3345836==    definitely lost: 72 bytes in 1 blocks
==3345836==    indirectly lost: 0 bytes in 0 blocks
==3345836==      possibly lost: 0 bytes in 0 blocks
==3345836==    still reachable: 0 bytes in 0 blocks
==3345836==         suppressed: 0 bytes in 0 blocks
==3345836== 
==3345836== For lists of detected and suppressed errors, rerun with: -s
==3345836== ERROR SUMMARY: 1 errors from 1 contexts (suppressed: 0 from 0)
