==3383801== Memcheck, a memory error detector
==3383801== Copyright (C) 2002-2022, and GNU GPL'd, by Julian Seward et al.
==3383801== Using Valgrind-3.22.0 and LibVEX; rerun with -h for copyright info
==3383801== Command: /home/gl_joulesteam/Joules-team-/results/runs/r15_o004_juliet_oob_heap_loop_large_memcheck/program --size large --threads 4 --seed 20261002
==3383801== 
==3383801== Invalid read of size 1
==3383801==    at 0x1096D2: trigger (heap_loop_overread.c:15)
==3383801==    by 0x1095A7: run_juliet_case (juliet_driver.h:22)
==3383801==    by 0x1095A7: main (heap_loop_overread.c:19)
==3383801==  Address 0x110d808a is 0 bytes after a block of size 10 alloc'd
==3383801==    at 0x4846828: malloc (in /usr/libexec/valgrind/vgpreload_memcheck-amd64-linux.so)
==3383801==    by 0x109691: xmalloc (bench.h:35)
==3383801==    by 0x109691: trigger (heap_loop_overread.c:12)
==3383801==    by 0x1095A7: run_juliet_case (juliet_driver.h:22)
==3383801==    by 0x1095A7: main (heap_loop_overread.c:19)
==3383801== 
==3383801== 
==3383801== HEAP SUMMARY:
==3383801==     in use at exit: 0 bytes in 0 blocks
==3383801==   total heap usage: 3 allocs, 3 frees, 208,004,106 bytes allocated
==3383801== 
==3383801== All heap blocks were freed -- no leaks are possible
==3383801== 
==3383801== For lists of detected and suppressed errors, rerun with: -s
==3383801== ERROR SUMMARY: 1 errors from 1 contexts (suppressed: 0 from 0)
