==3487962== Memcheck, a memory error detector
==3487962== Copyright (C) 2002-2022, and GNU GPL'd, by Julian Seward et al.
==3487962== Using Valgrind-3.22.0 and LibVEX; rerun with -h for copyright info
==3487962== Command: /home/gl_joulesteam/Joules-team-/results/runs/r27_o227_hash_oob_large_memcheck/program --size large --threads 4 --seed 20261002
==3487962== 
==3487962== Invalid read of size 8
==3487962==    at 0x109D44: inject (out_of_bounds.c:13)
==3487962==    by 0x109B1A: run_hash (hash_core.h:65)
==3487962==    by 0x109B1A: main (out_of_bounds.c:17)
==3487962==  Address 0x85eab40 is 0 bytes after a block of size 12,000,000 alloc'd
==3487962==    at 0x4846828: malloc (in /usr/libexec/valgrind/vgpreload_memcheck-amd64-linux.so)
==3487962==    by 0x1098FA: xmalloc (bench.h:35)
==3487962==    by 0x1098FA: run_hash (hash_core.h:45)
==3487962==    by 0x1098FA: main (out_of_bounds.c:17)
==3487962== 
==3487962== 
==3487962== HEAP SUMMARY:
==3487962==     in use at exit: 0 bytes in 0 blocks
==3487962==   total heap usage: 300,022 allocs, 300,022 frees, 37,799,232 bytes allocated
==3487962== 
==3487962== All heap blocks were freed -- no leaks are possible
==3487962== 
==3487962== For lists of detected and suppressed errors, rerun with: -s
==3487962== ERROR SUMMARY: 1 errors from 1 contexts (suppressed: 0 from 0)
