==3510419== Memcheck, a memory error detector
==3510419== Copyright (C) 2002-2022, and GNU GPL'd, by Julian Seward et al.
==3510419== Using Valgrind-3.22.0 and LibVEX; rerun with -h for copyright info
==3510419== Command: /home/gl_joulesteam/Joules-team-/results/runs/r30_o176_juliet_uninit_heap_array_small_memcheck/program --size small --threads 4 --seed 20261002
==3510419== 
==3510419== Conditional jump or move depends on uninitialised value(s)
==3510419==    at 0x48CD0CB: __printf_buffer (vfprintf-process-arg.c:58)
==3510419==    by 0x48CE73A: __vfprintf_internal (vfprintf-internal.c:1544)
==3510419==    by 0x48C31B2: printf (printf.c:33)
==3510419==    by 0x109787: trigger (heap_array_no_init.c:12)
==3510419==    by 0x1095E9: run_juliet_case (juliet_driver.h:22)
==3510419==    by 0x1095E9: main (heap_array_no_init.c:16)
==3510419==  Uninitialised value was created by a heap allocation
==3510419==    at 0x4846828: malloc (in /usr/libexec/valgrind/vgpreload_memcheck-amd64-linux.so)
==3510419==    by 0x10976A: xmalloc (bench.h:35)
==3510419==    by 0x10976A: trigger (heap_array_no_init.c:11)
==3510419==    by 0x1095E9: run_juliet_case (juliet_driver.h:22)
==3510419==    by 0x1095E9: main (heap_array_no_init.c:16)
==3510419== 
==3510419== Use of uninitialised value of size 8
==3510419==    at 0x48C20BB: _itoa_word (_itoa.c:183)
==3510419==    by 0x48CCC9B: __printf_buffer (vfprintf-process-arg.c:155)
==3510419==    by 0x48CE73A: __vfprintf_internal (vfprintf-internal.c:1544)
==3510419==    by 0x48C31B2: printf (printf.c:33)
==3510419==    by 0x109787: trigger (heap_array_no_init.c:12)
==3510419==    by 0x1095E9: run_juliet_case (juliet_driver.h:22)
==3510419==    by 0x1095E9: main (heap_array_no_init.c:16)
==3510419==  Uninitialised value was created by a heap allocation
==3510419==    at 0x4846828: malloc (in /usr/libexec/valgrind/vgpreload_memcheck-amd64-linux.so)
==3510419==    by 0x10976A: xmalloc (bench.h:35)
==3510419==    by 0x10976A: trigger (heap_array_no_init.c:11)
==3510419==    by 0x1095E9: run_juliet_case (juliet_driver.h:22)
==3510419==    by 0x1095E9: main (heap_array_no_init.c:16)
==3510419== 
==3510419== Conditional jump or move depends on uninitialised value(s)
==3510419==    at 0x48C20CC: _itoa_word (_itoa.c:183)
==3510419==    by 0x48CCC9B: __printf_buffer (vfprintf-process-arg.c:155)
==3510419==    by 0x48CE73A: __vfprintf_internal (vfprintf-internal.c:1544)
==3510419==    by 0x48C31B2: printf (printf.c:33)
==3510419==    by 0x109787: trigger (heap_array_no_init.c:12)
==3510419==    by 0x1095E9: run_juliet_case (juliet_driver.h:22)
==3510419==    by 0x1095E9: main (heap_array_no_init.c:16)
==3510419==  Uninitialised value was created by a heap allocation
==3510419==    at 0x4846828: malloc (in /usr/libexec/valgrind/vgpreload_memcheck-amd64-linux.so)
==3510419==    by 0x10976A: xmalloc (bench.h:35)
==3510419==    by 0x10976A: trigger (heap_array_no_init.c:11)
==3510419==    by 0x1095E9: run_juliet_case (juliet_driver.h:22)
==3510419==    by 0x1095E9: main (heap_array_no_init.c:16)
==3510419== 
==3510419== Conditional jump or move depends on uninitialised value(s)
==3510419==    at 0x48CCD85: __printf_buffer (vfprintf-process-arg.c:186)
==3510419==    by 0x48CE73A: __vfprintf_internal (vfprintf-internal.c:1544)
==3510419==    by 0x48C31B2: printf (printf.c:33)
==3510419==    by 0x109787: trigger (heap_array_no_init.c:12)
==3510419==    by 0x1095E9: run_juliet_case (juliet_driver.h:22)
==3510419==    by 0x1095E9: main (heap_array_no_init.c:16)
==3510419==  Uninitialised value was created by a heap allocation
==3510419==    at 0x4846828: malloc (in /usr/libexec/valgrind/vgpreload_memcheck-amd64-linux.so)
==3510419==    by 0x10976A: xmalloc (bench.h:35)
==3510419==    by 0x10976A: trigger (heap_array_no_init.c:11)
==3510419==    by 0x1095E9: run_juliet_case (juliet_driver.h:22)
==3510419==    by 0x1095E9: main (heap_array_no_init.c:16)
==3510419== 
==3510419== 
==3510419== HEAP SUMMARY:
==3510419==     in use at exit: 0 bytes in 0 blocks
==3510419==   total heap usage: 3 allocs, 3 frees, 8,044,096 bytes allocated
==3510419== 
==3510419== All heap blocks were freed -- no leaks are possible
==3510419== 
==3510419== For lists of detected and suppressed errors, rerun with: -s
==3510419== ERROR SUMMARY: 4 errors from 4 contexts (suppressed: 0 from 0)
