==3437812== Memcheck, a memory error detector
==3437812== Copyright (C) 2002-2022, and GNU GPL'd, by Julian Seward et al.
==3437812== Using Valgrind-3.22.0 and LibVEX; rerun with -h for copyright info
==3437812== Command: /home/gl_joulesteam/Joules-team-/results/runs/r21_o172_juliet_oob_heap_memcpy_large_memcheck/program --size large --threads 4 --seed 20261002
==3437812== 
==3437812== Invalid read of size 1
==3437812==    at 0x4852EED: memmove (in /usr/libexec/valgrind/vgpreload_memcheck-amd64-linux.so)
==3437812==    by 0x1096D5: trigger (heap_memcpy_overread.c:16)
==3437812==    by 0x1095B7: run_juliet_case (juliet_driver.h:22)
==3437812==    by 0x1095B7: main (heap_memcpy_overread.c:21)
==3437812==  Address 0x110d808a is 0 bytes after a block of size 10 alloc'd
==3437812==    at 0x4846828: malloc (in /usr/libexec/valgrind/vgpreload_memcheck-amd64-linux.so)
==3437812==    by 0x1096A2: xmalloc (bench.h:35)
==3437812==    by 0x1096A2: trigger (heap_memcpy_overread.c:12)
==3437812==    by 0x1095B7: run_juliet_case (juliet_driver.h:22)
==3437812==    by 0x1095B7: main (heap_memcpy_overread.c:21)
==3437812== 
==3437812== 
==3437812== HEAP SUMMARY:
==3437812==     in use at exit: 0 bytes in 0 blocks
==3437812==   total heap usage: 3 allocs, 3 frees, 208,004,106 bytes allocated
==3437812== 
==3437812== All heap blocks were freed -- no leaks are possible
==3437812== 
==3437812== For lists of detected and suppressed errors, rerun with: -s
==3437812== ERROR SUMMARY: 1 errors from 1 contexts (suppressed: 0 from 0)
