==3503051== Memcheck, a memory error detector
==3503051== Copyright (C) 2002-2022, and GNU GPL'd, by Julian Seward et al.
==3503051== Using Valgrind-3.22.0 and LibVEX; rerun with -h for copyright info
==3503051== Command: /home/gl_joulesteam/Joules-team-/results/runs/r29_o198_matrix_lifetime_large_memcheck/program --size large --threads 4 --seed 20261002
==3503051== 
==3503051== 
==3503051== HEAP SUMMARY:
==3503051==     in use at exit: 4,864 bytes in 1 blocks
==3503051==   total heap usage: 11 allocs, 10 frees, 8,882,208 bytes allocated
==3503051== 
==3503051== 4,864 bytes in 1 blocks are definitely lost in loss record 1 of 1
==3503051==    at 0x4846828: malloc (in /usr/libexec/valgrind/vgpreload_memcheck-amd64-linux.so)
==3503051==    by 0x109B1B: xmalloc (bench.h:35)
==3503051==    by 0x109B1B: inject (lifetime_deallocation.c:12)
==3503051==    by 0x10994F: run_matrix (matrix_core.h:68)
==3503051==    by 0x10994F: main (lifetime_deallocation.c:18)
==3503051== 
==3503051== LEAK SUMMARY:
==3503051==    definitely lost: 4,864 bytes in 1 blocks
==3503051==    indirectly lost: 0 bytes in 0 blocks
==3503051==      possibly lost: 0 bytes in 0 blocks
==3503051==    still reachable: 0 bytes in 0 blocks
==3503051==         suppressed: 0 bytes in 0 blocks
==3503051== 
==3503051== For lists of detected and suppressed errors, rerun with: -s
==3503051== ERROR SUMMARY: 1 errors from 1 contexts (suppressed: 0 from 0)
