==3309163== Memcheck, a memory error detector
==3309163== Copyright (C) 2002-2022, and GNU GPL'd, by Julian Seward et al.
==3309163== Using Valgrind-3.22.0 and LibVEX; rerun with -h for copyright info
==3309163== Command: /home/gl_joulesteam/Joules-team-/results/runs/r05_o182_hash_oob_small_memcheck/program --size small --threads 4 --seed 20261002
==3309163== 
==3309163== Invalid read of size 8
==3309163==    at 0x109D44: inject (out_of_bounds.c:13)
==3309163==    by 0x109B1A: run_hash (hash_core.h:65)
==3309163==    by 0x109B1A: main (out_of_bounds.c:17)
==3309163==  Address 0x54614c0 is 0 bytes after a block of size 2,000,000 alloc'd
==3309163==    at 0x4846828: malloc (in /usr/libexec/valgrind/vgpreload_memcheck-amd64-linux.so)
==3309163==    by 0x1098FA: xmalloc (bench.h:35)
==3309163==    by 0x1098FA: run_hash (hash_core.h:45)
==3309163==    by 0x1098FA: main (out_of_bounds.c:17)
==3309163== 
==3309163== 
==3309163== HEAP SUMMARY:
==3309163==     in use at exit: 0 bytes in 0 blocks
==3309163==   total heap usage: 50,019 allocs, 50,019 frees, 6,129,216 bytes allocated
==3309163== 
==3309163== All heap blocks were freed -- no leaks are possible
==3309163== 
==3309163== For lists of detected and suppressed errors, rerun with: -s
==3309163== ERROR SUMMARY: 1 errors from 1 contexts (suppressed: 0 from 0)
