/usr/bin/llvm-symbolizer-18: error: '[stack]': No such file or directory
==================
WARNING: ThreadSanitizer: data race (pid=3446742)
  Write of size 8 at 0x7fffffffdf00 by thread T6:
    #0 race_worker /home/gl_joulesteam/Joules-team-/applications/parallel_matrix/data_race.c:9:64 (program+0xdfb58) (BuildId: be2bb946040ca8d1f475f53967782a9f80cd342a)

  Previous write of size 8 at 0x7fffffffdf00 by thread T5:
    #0 race_worker /home/gl_joulesteam/Joules-team-/applications/parallel_matrix/data_race.c:9:64 (program+0xdfb58) (BuildId: be2bb946040ca8d1f475f53967782a9f80cd342a)

  Location is stack of main thread.

  Location is global '??' at 0x7ffffffde000 ([stack]+0x1ff00)

  Thread T6 (tid=3446749, running) created by main thread at:
    #0 pthread_create <null> (program+0x605ff) (BuildId: be2bb946040ca8d1f475f53967782a9f80cd342a)
    #1 inject /home/gl_joulesteam/Joules-team-/applications/parallel_matrix/data_race.c:26:5 (program+0xdf83f) (BuildId: be2bb946040ca8d1f475f53967782a9f80cd342a)
    #2 run_matrix /home/gl_joulesteam/Joules-team-/applications/parallel_matrix/matrix_core.h:68:5 (program+0xdf5d7) (BuildId: be2bb946040ca8d1f475f53967782a9f80cd342a)
    #3 main /home/gl_joulesteam/Joules-team-/applications/parallel_matrix/data_race.c:32:42 (program+0xdf5d7)

  Thread T5 (tid=3446748, finished) created by main thread at:
    #0 pthread_create <null> (program+0x605ff) (BuildId: be2bb946040ca8d1f475f53967782a9f80cd342a)
    #1 inject /home/gl_joulesteam/Joules-team-/applications/parallel_matrix/data_race.c:25:5 (program+0xdf82b) (BuildId: be2bb946040ca8d1f475f53967782a9f80cd342a)
    #2 run_matrix /home/gl_joulesteam/Joules-team-/applications/parallel_matrix/matrix_core.h:68:5 (program+0xdf5d7) (BuildId: be2bb946040ca8d1f475f53967782a9f80cd342a)
    #3 main /home/gl_joulesteam/Joules-team-/applications/parallel_matrix/data_race.c:32:42 (program+0xdf5d7)

SUMMARY: ThreadSanitizer: data race /home/gl_joulesteam/Joules-team-/applications/parallel_matrix/data_race.c:9:64 in race_worker
==================
ThreadSanitizer: reported 1 warnings
