==3490932== Memcheck, a memory error detector
==3490932== Copyright (C) 2002-2022, and GNU GPL'd, by Julian Seward et al.
==3490932== Using Valgrind-3.22.0 and LibVEX; rerun with -h for copyright info
==3490932== Command: /home/gl_joulesteam/Joules-team-/results/runs/r28_o075_hash_oob_large_memcheck/program --size large --threads 4 --seed 20261002
==3490932== 
==3490932== Invalid read of size 8
==3490932==    at 0x109D44: inject (out_of_bounds.c:13)
==3490932==    by 0x109B1A: run_hash (hash_core.h:65)
==3490932==    by 0x109B1A: main (out_of_bounds.c:17)
==3490932==  Address 0x85eab40 is 0 bytes after a block of size 12,000,000 alloc'd
==3490932==    at 0x4846828: malloc (in /usr/libexec/valgrind/vgpreload_memcheck-amd64-linux.so)
==3490932==    by 0x1098FA: xmalloc (bench.h:35)
==3490932==    by 0x1098FA: run_hash (hash_core.h:45)
==3490932==    by 0x1098FA: main (out_of_bounds.c:17)
==3490932== 
==3490932== 
==3490932== HEAP SUMMARY:
==3490932==     in use at exit: 0 bytes in 0 blocks
==3490932==   total heap usage: 300,022 allocs, 300,022 frees, 37,799,232 bytes allocated
==3490932== 
==3490932== All heap blocks were freed -- no leaks are possible
==3490932== 
==3490932== For lists of detected and suppressed errors, rerun with: -s
==3490932== ERROR SUMMARY: 1 errors from 1 contexts (suppressed: 0 from 0)
