==3405762== Memcheck, a memory error detector
==3405762== Copyright (C) 2002-2022, and GNU GPL'd, by Julian Seward et al.
==3405762== Using Valgrind-3.22.0 and LibVEX; rerun with -h for copyright info
==3405762== Command: /home/gl_joulesteam/Joules-team-/results/runs/r17_o177_matrix_uninitialized_small_memcheck/program --size small --threads 4 --seed 20261002
==3405762== 
==3405762== Conditional jump or move depends on uninitialised value(s)
==3405762==    at 0x48C4181: __printf_fp_buffer_1.isra.0 (printf_fp.c:230)
==3405762==    by 0x48C635B: __printf_fp_l_buffer (printf_fp.c:1122)
==3405762==    by 0x48CD6C4: __printf_fp_spec (vfprintf-internal.c:266)
==3405762==    by 0x48CD6C4: __printf_buffer (vfprintf-internal.c:999)
==3405762==    by 0x48CE5A1: __vfprintf_internal (vfprintf-internal.c:1559)
==3405762==    by 0x48C31B2: printf (printf.c:33)
==3405762==    by 0x109A22: inject (uninitialized_memory.c:16)
==3405762==    by 0x1098C8: run_matrix (matrix_core.h:68)
==3405762==    by 0x1098C8: main (uninitialized_memory.c:21)
==3405762==  Uninitialised value was created by a heap allocation
==3405762==    at 0x4846828: malloc (in /usr/libexec/valgrind/vgpreload_memcheck-amd64-linux.so)
==3405762==    by 0x1099F9: xmalloc (bench.h:35)
==3405762==    by 0x1099F9: inject (uninitialized_memory.c:14)
==3405762==    by 0x1098C8: run_matrix (matrix_core.h:68)
==3405762==    by 0x1098C8: main (uninitialized_memory.c:21)
==3405762== 
==3405762== Conditional jump or move depends on uninitialised value(s)
==3405762==    at 0x48C419B: __printf_fp_buffer_1.isra.0 (printf_fp.c:230)
==3405762==    by 0x48C635B: __printf_fp_l_buffer (printf_fp.c:1122)
==3405762==    by 0x48CD6C4: __printf_fp_spec (vfprintf-internal.c:266)
==3405762==    by 0x48CD6C4: __printf_buffer (vfprintf-internal.c:999)
==3405762==    by 0x48CE5A1: __vfprintf_internal (vfprintf-internal.c:1559)
==3405762==    by 0x48C31B2: printf (printf.c:33)
==3405762==    by 0x109A22: inject (uninitialized_memory.c:16)
==3405762==    by 0x1098C8: run_matrix (matrix_core.h:68)
==3405762==    by 0x1098C8: main (uninitialized_memory.c:21)
==3405762==  Uninitialised value was created by a heap allocation
==3405762==    at 0x4846828: malloc (in /usr/libexec/valgrind/vgpreload_memcheck-amd64-linux.so)
==3405762==    by 0x1099F9: xmalloc (bench.h:35)
==3405762==    by 0x1099F9: inject (uninitialized_memory.c:14)
==3405762==    by 0x1098C8: run_matrix (matrix_core.h:68)
==3405762==    by 0x1098C8: main (uninitialized_memory.c:21)
==3405762== 
==3405762== Conditional jump or move depends on uninitialised value(s)
==3405762==    at 0x48BDD46: __mpn_extract_double (dbl2mpn.c:56)
==3405762==    by 0x48C4925: __printf_fp_buffer_1.isra.0 (printf_fp.c:230)
==3405762==    by 0x48C635B: __printf_fp_l_buffer (printf_fp.c:1122)
==3405762==    by 0x48CD6C4: __printf_fp_spec (vfprintf-internal.c:266)
==3405762==    by 0x48CD6C4: __printf_buffer (vfprintf-internal.c:999)
==3405762==    by 0x48CE5A1: __vfprintf_internal (vfprintf-internal.c:1559)
==3405762==    by 0x48C31B2: printf (printf.c:33)
==3405762==    by 0x109A22: inject (uninitialized_memory.c:16)
==3405762==    by 0x1098C8: run_matrix (matrix_core.h:68)
==3405762==    by 0x1098C8: main (uninitialized_memory.c:21)
==3405762==  Uninitialised value was created by a heap allocation
==3405762==    at 0x4846828: malloc (in /usr/libexec/valgrind/vgpreload_memcheck-amd64-linux.so)
==3405762==    by 0x1099F9: xmalloc (bench.h:35)
==3405762==    by 0x1099F9: inject (uninitialized_memory.c:14)
==3405762==    by 0x1098C8: run_matrix (matrix_core.h:68)
==3405762==    by 0x1098C8: main (uninitialized_memory.c:21)
==3405762== 
==3405762== Conditional jump or move depends on uninitialised value(s)
==3405762==    at 0x48BDD4B: __mpn_extract_double (dbl2mpn.c:60)
==3405762==    by 0x48C4925: __printf_fp_buffer_1.isra.0 (printf_fp.c:230)
==3405762==    by 0x48C635B: __printf_fp_l_buffer (printf_fp.c:1122)
==3405762==    by 0x48CD6C4: __printf_fp_spec (vfprintf-internal.c:266)
==3405762==    by 0x48CD6C4: __printf_buffer (vfprintf-internal.c:999)
==3405762==    by 0x48CE5A1: __vfprintf_internal (vfprintf-internal.c:1559)
==3405762==    by 0x48C31B2: printf (printf.c:33)
==3405762==    by 0x109A22: inject (uninitialized_memory.c:16)
==3405762==    by 0x1098C8: run_matrix (matrix_core.h:68)
==3405762==    by 0x1098C8: main (uninitialized_memory.c:21)
==3405762==  Uninitialised value was created by a heap allocation
==3405762==    at 0x4846828: malloc (in /usr/libexec/valgrind/vgpreload_memcheck-amd64-linux.so)
==3405762==    by 0x1099F9: xmalloc (bench.h:35)
==3405762==    by 0x1099F9: inject (uninitialized_memory.c:14)
==3405762==    by 0x1098C8: run_matrix (matrix_core.h:68)
==3405762==    by 0x1098C8: main (uninitialized_memory.c:21)
==3405762== 
==3405762== Conditional jump or move depends on uninitialised value(s)
==3405762==    at 0x48C48D4: __printf_fp_buffer_1.isra.0 (printf_fp.c:794)
==3405762==    by 0x48C635B: __printf_fp_l_buffer (printf_fp.c:1122)
==3405762==    by 0x48CD6C4: __printf_fp_spec (vfprintf-internal.c:266)
==3405762==    by 0x48CD6C4: __printf_buffer (vfprintf-internal.c:999)
==3405762==    by 0x48CE5A1: __vfprintf_internal (vfprintf-internal.c:1559)
==3405762==    by 0x48C31B2: printf (printf.c:33)
==3405762==    by 0x109A22: inject (uninitialized_memory.c:16)
==3405762==    by 0x1098C8: run_matrix (matrix_core.h:68)
==3405762==    by 0x1098C8: main (uninitialized_memory.c:21)
==3405762==  Uninitialised value was created by a heap allocation
==3405762==    at 0x4846828: malloc (in /usr/libexec/valgrind/vgpreload_memcheck-amd64-linux.so)
==3405762==    by 0x1099F9: xmalloc (bench.h:35)
==3405762==    by 0x1099F9: inject (uninitialized_memory.c:14)
==3405762==    by 0x1098C8: run_matrix (matrix_core.h:68)
==3405762==    by 0x1098C8: main (uninitialized_memory.c:21)
==3405762== 
==3405762== Conditional jump or move depends on uninitialised value(s)
==3405762==    at 0x48C4AFB: __printf_fp_buffer_1.isra.0 (printf_fp.c:805)
==3405762==    by 0x48C635B: __printf_fp_l_buffer (printf_fp.c:1122)
==3405762==    by 0x48CD6C4: __printf_fp_spec (vfprintf-internal.c:266)
==3405762==    by 0x48CD6C4: __printf_buffer (vfprintf-internal.c:999)
==3405762==    by 0x48CE5A1: __vfprintf_internal (vfprintf-internal.c:1559)
==3405762==    by 0x48C31B2: printf (printf.c:33)
==3405762==    by 0x109A22: inject (uninitialized_memory.c:16)
==3405762==    by 0x1098C8: run_matrix (matrix_core.h:68)
==3405762==    by 0x1098C8: main (uninitialized_memory.c:21)
==3405762==  Uninitialised value was created by a heap allocation
==3405762==    at 0x4846828: malloc (in /usr/libexec/valgrind/vgpreload_memcheck-amd64-linux.so)
==3405762==    by 0x1099F9: xmalloc (bench.h:35)
==3405762==    by 0x1099F9: inject (uninitialized_memory.c:14)
==3405762==    by 0x1098C8: run_matrix (matrix_core.h:68)
==3405762==    by 0x1098C8: main (uninitialized_memory.c:21)
==3405762== 
==3405762== Conditional jump or move depends on uninitialised value(s)
==3405762==    at 0x48C4B26: __printf_fp_buffer_1.isra.0 (printf_fp.c:808)
==3405762==    by 0x48C635B: __printf_fp_l_buffer (printf_fp.c:1122)
==3405762==    by 0x48CD6C4: __printf_fp_spec (vfprintf-internal.c:266)
==3405762==    by 0x48CD6C4: __printf_buffer (vfprintf-internal.c:999)
==3405762==    by 0x48CE5A1: __vfprintf_internal (vfprintf-internal.c:1559)
==3405762==    by 0x48C31B2: printf (printf.c:33)
==3405762==    by 0x109A22: inject (uninitialized_memory.c:16)
==3405762==    by 0x1098C8: run_matrix (matrix_core.h:68)
==3405762==    by 0x1098C8: main (uninitialized_memory.c:21)
==3405762==  Uninitialised value was created by a heap allocation
==3405762==    at 0x4846828: malloc (in /usr/libexec/valgrind/vgpreload_memcheck-amd64-linux.so)
==3405762==    by 0x1099F9: xmalloc (bench.h:35)
==3405762==    by 0x1099F9: inject (uninitialized_memory.c:14)
==3405762==    by 0x1098C8: run_matrix (matrix_core.h:68)
==3405762==    by 0x1098C8: main (uninitialized_memory.c:21)
==3405762== 
==3405762== Conditional jump or move depends on uninitialised value(s)
==3405762==    at 0x48C4B5C: __printf_fp_buffer_1.isra.0 (printf_fp.c:818)
==3405762==    by 0x48C635B: __printf_fp_l_buffer (printf_fp.c:1122)
==3405762==    by 0x48CD6C4: __printf_fp_spec (vfprintf-internal.c:266)
==3405762==    by 0x48CD6C4: __printf_buffer (vfprintf-internal.c:999)
==3405762==    by 0x48CE5A1: __vfprintf_internal (vfprintf-internal.c:1559)
==3405762==    by 0x48C31B2: printf (printf.c:33)
==3405762==    by 0x109A22: inject (uninitialized_memory.c:16)
==3405762==    by 0x1098C8: run_matrix (matrix_core.h:68)
==3405762==    by 0x1098C8: main (uninitialized_memory.c:21)
==3405762==  Uninitialised value was created by a heap allocation
==3405762==    at 0x4846828: malloc (in /usr/libexec/valgrind/vgpreload_memcheck-amd64-linux.so)
==3405762==    by 0x1099F9: xmalloc (bench.h:35)
==3405762==    by 0x1099F9: inject (uninitialized_memory.c:14)
==3405762==    by 0x1098C8: run_matrix (matrix_core.h:68)
==3405762==    by 0x1098C8: main (uninitialized_memory.c:21)
==3405762== 
==3405762== Conditional jump or move depends on uninitialised value(s)
==3405762==    at 0x48C4F99: round_away (rounding-mode.h:52)
==3405762==    by 0x48C4F99: __printf_fp_buffer_1.isra.0 (printf_fp.c:825)
==3405762==    by 0x48C635B: __printf_fp_l_buffer (printf_fp.c:1122)
==3405762==    by 0x48CD6C4: __printf_fp_spec (vfprintf-internal.c:266)
==3405762==    by 0x48CD6C4: __printf_buffer (vfprintf-internal.c:999)
==3405762==    by 0x48CE5A1: __vfprintf_internal (vfprintf-internal.c:1559)
==3405762==    by 0x48C31B2: printf (printf.c:33)
==3405762==    by 0x109A22: inject (uninitialized_memory.c:16)
==3405762==    by 0x1098C8: run_matrix (matrix_core.h:68)
==3405762==    by 0x1098C8: main (uninitialized_memory.c:21)
==3405762==  Uninitialised value was created by a heap allocation
==3405762==    at 0x4846828: malloc (in /usr/libexec/valgrind/vgpreload_memcheck-amd64-linux.so)
==3405762==    by 0x1099F9: xmalloc (bench.h:35)
==3405762==    by 0x1099F9: inject (uninitialized_memory.c:14)
==3405762==    by 0x1098C8: run_matrix (matrix_core.h:68)
==3405762==    by 0x1098C8: main (uninitialized_memory.c:21)
==3405762== 
==3405762== Conditional jump or move depends on uninitialised value(s)
==3405762==    at 0x48C4CDD: __printf_fp_buffer_1.isra.0 (printf_fp.c:987)
==3405762==    by 0x48C635B: __printf_fp_l_buffer (printf_fp.c:1122)
==3405762==    by 0x48CD6C4: __printf_fp_spec (vfprintf-internal.c:266)
==3405762==    by 0x48CD6C4: __printf_buffer (vfprintf-internal.c:999)
==3405762==    by 0x48CE5A1: __vfprintf_internal (vfprintf-internal.c:1559)
==3405762==    by 0x48C31B2: printf (printf.c:33)
==3405762==    by 0x109A22: inject (uninitialized_memory.c:16)
==3405762==    by 0x1098C8: run_matrix (matrix_core.h:68)
==3405762==    by 0x1098C8: main (uninitialized_memory.c:21)
==3405762==  Uninitialised value was created by a heap allocation
==3405762==    at 0x4846828: malloc (in /usr/libexec/valgrind/vgpreload_memcheck-amd64-linux.so)
==3405762==    by 0x1099F9: xmalloc (bench.h:35)
==3405762==    by 0x1099F9: inject (uninitialized_memory.c:14)
==3405762==    by 0x1098C8: run_matrix (matrix_core.h:68)
==3405762==    by 0x1098C8: main (uninitialized_memory.c:21)
==3405762== 
==3405762== Conditional jump or move depends on uninitialised value(s)
==3405762==    at 0x48C4D33: __printf_fp_buffer_1.isra.0 (printf_fp.c:999)
==3405762==    by 0x48C635B: __printf_fp_l_buffer (printf_fp.c:1122)
==3405762==    by 0x48CD6C4: __printf_fp_spec (vfprintf-internal.c:266)
==3405762==    by 0x48CD6C4: __printf_buffer (vfprintf-internal.c:999)
==3405762==    by 0x48CE5A1: __vfprintf_internal (vfprintf-internal.c:1559)
==3405762==    by 0x48C31B2: printf (printf.c:33)
==3405762==    by 0x109A22: inject (uninitialized_memory.c:16)
==3405762==    by 0x1098C8: run_matrix (matrix_core.h:68)
==3405762==    by 0x1098C8: main (uninitialized_memory.c:21)
==3405762==  Uninitialised value was created by a heap allocation
==3405762==    at 0x4846828: malloc (in /usr/libexec/valgrind/vgpreload_memcheck-amd64-linux.so)
==3405762==    by 0x1099F9: xmalloc (bench.h:35)
==3405762==    by 0x1099F9: inject (uninitialized_memory.c:14)
==3405762==    by 0x1098C8: run_matrix (matrix_core.h:68)
==3405762==    by 0x1098C8: main (uninitialized_memory.c:21)
==3405762== 
==3405762== Syscall param write(buf) points to uninitialised byte(s)
==3405762==    at 0x497F87D: __libc_write (write.c:26)
==3405762==    by 0x497F87D: write (write.c:24)
==3405762==    by 0x48F6A54: _IO_file_write@@GLIBC_2.2.5 (fileops.c:1181)
==3405762==    by 0x48F5650: new_do_write (fileops.c:449)
==3405762==    by 0x48F5650: _IO_do_write@@GLIBC_2.2.5 (fileops.c:426)
==3405762==    by 0x48F92C5: _IO_flush_all (genops.c:705)
==3405762==    by 0x48F98EC: _IO_cleanup (genops.c:843)
==3405762==    by 0x48AAB73: __run_exit_handlers (exit.c:129)
==3405762==    by 0x48AABBD: exit (exit.c:138)
==3405762==    by 0x488D1D0: (below main) (libc_start_call_main.h:74)
==3405762==  Address 0x4ad97b6 is 22 bytes inside a block of size 4,096 alloc'd
==3405762==    at 0x4846828: malloc (in /usr/libexec/valgrind/vgpreload_memcheck-amd64-linux.so)
==3405762==    by 0x48E8294: _IO_file_doallocate (filedoalloc.c:101)
==3405762==    by 0x48F8603: _IO_doallocbuf (genops.c:347)
==3405762==    by 0x48F606F: _IO_file_overflow@@GLIBC_2.2.5 (fileops.c:745)
==3405762==    by 0x48F6B8E: _IO_new_file_xsputn (fileops.c:1244)
==3405762==    by 0x48F6B8E: _IO_file_xsputn@@GLIBC_2.2.5 (fileops.c:1197)
==3405762==    by 0x48C3B48: __printf_buffer_flush_to_file (printf_buffer_to_file.c:59)
==3405762==    by 0x48C37E4: __printf_buffer_do_flush (printf_buffer_flush.c:53)
==3405762==    by 0x48C37E4: __printf_buffer_flush (Xprintf_buffer_flush.c:65)
==3405762==    by 0x48C3DA8: __printf_buffer_write (Xprintf_buffer_write.c:33)
==3405762==    by 0x48CD5CD: __printf_buffer (vfprintf-process-arg.c:240)
==3405762==    by 0x48CE5A1: __vfprintf_internal (vfprintf-internal.c:1559)
==3405762==    by 0x48C31B2: printf (printf.c:33)
==3405762==    by 0x10989F: report_workload (bench.h:97)
==3405762==    by 0x10989F: run_matrix (matrix_core.h:67)
==3405762==    by 0x10989F: main (uninitialized_memory.c:21)
==3405762==  Uninitialised value was created by a heap allocation
==3405762==    at 0x4846828: malloc (in /usr/libexec/valgrind/vgpreload_memcheck-amd64-linux.so)
==3405762==    by 0x1099F9: xmalloc (bench.h:35)
==3405762==    by 0x1099F9: inject (uninitialized_memory.c:14)
==3405762==    by 0x1098C8: run_matrix (matrix_core.h:68)
==3405762==    by 0x1098C8: main (uninitialized_memory.c:21)
==3405762== 
==3405762== 
==3405762== HEAP SUMMARY:
==3405762==     in use at exit: 0 bytes in 0 blocks
==3405762==   total heap usage: 11 allocs, 11 frees, 398,640 bytes allocated
==3405762== 
==3405762== All heap blocks were freed -- no leaks are possible
==3405762== 
==3405762== For lists of detected and suppressed errors, rerun with: -s
==3405762== ERROR SUMMARY: 18 errors from 12 contexts (suppressed: 0 from 0)
