==3263606== Memcheck, a memory error detector
==3263606== Copyright (C) 2002-2022, and GNU GPL'd, by Julian Seward et al.
==3263606== Using Valgrind-3.22.0 and LibVEX; rerun with -h for copyright info
==3263606== Command: /home/gl_joulesteam/Joules-team-/results/runs/W_o028_hash_oob_large_memcheck/program --size large --threads 4 --seed 20261002
==3263606== 
==3263606== Invalid read of size 8
==3263606==    at 0x109D44: inject (out_of_bounds.c:13)
==3263606==    by 0x109B1A: run_hash (hash_core.h:65)
==3263606==    by 0x109B1A: main (out_of_bounds.c:17)
==3263606==  Address 0x85eab40 is 0 bytes after a block of size 12,000,000 alloc'd
==3263606==    at 0x4846828: malloc (in /usr/libexec/valgrind/vgpreload_memcheck-amd64-linux.so)
==3263606==    by 0x1098FA: xmalloc (bench.h:35)
==3263606==    by 0x1098FA: run_hash (hash_core.h:45)
==3263606==    by 0x1098FA: main (out_of_bounds.c:17)
==3263606== 
==3263606== 
==3263606== HEAP SUMMARY:
==3263606==     in use at exit: 0 bytes in 0 blocks
==3263606==   total heap usage: 300,022 allocs, 300,022 frees, 37,799,232 bytes allocated
==3263606== 
==3263606== All heap blocks were freed -- no leaks are possible
==3263606== 
==3263606== For lists of detected and suppressed errors, rerun with: -s
==3263606== ERROR SUMMARY: 1 errors from 1 contexts (suppressed: 0 from 0)
