==3338117== Memcheck, a memory error detector
==3338117== Copyright (C) 2002-2022, and GNU GPL'd, by Julian Seward et al.
==3338117== Using Valgrind-3.22.0 and LibVEX; rerun with -h for copyright info
==3338117== Command: /home/gl_joulesteam/Joules-team-/results/runs/r09_o086_juliet_uninit_partial_int_small_memcheck/program --size small --threads 4 --seed 20261002
==3338117== 
==3338117== Conditional jump or move depends on uninitialised value(s)
==3338117==    at 0x48CD0CB: __printf_buffer (vfprintf-process-arg.c:58)
==3338117==    by 0x48CE73A: __vfprintf_internal (vfprintf-internal.c:1544)
==3338117==    by 0x48C31B2: printf (printf.c:33)
==3338117==    by 0x1097AE: trigger (partial_int_array.c:13)
==3338117==    by 0x1095E9: run_juliet_case (juliet_driver.h:22)
==3338117==    by 0x1095E9: main (partial_int_array.c:17)
==3338117==  Uninitialised value was created by a heap allocation
==3338117==    at 0x4846828: malloc (in /usr/libexec/valgrind/vgpreload_memcheck-amd64-linux.so)
==3338117==    by 0x10976A: xmalloc (bench.h:35)
==3338117==    by 0x10976A: trigger (partial_int_array.c:11)
==3338117==    by 0x1095E9: run_juliet_case (juliet_driver.h:22)
==3338117==    by 0x1095E9: main (partial_int_array.c:17)
==3338117== 
==3338117== Use of uninitialised value of size 8
==3338117==    at 0x48C20BB: _itoa_word (_itoa.c:183)
==3338117==    by 0x48CCC9B: __printf_buffer (vfprintf-process-arg.c:155)
==3338117==    by 0x48CE73A: __vfprintf_internal (vfprintf-internal.c:1544)
==3338117==    by 0x48C31B2: printf (printf.c:33)
==3338117==    by 0x1097AE: trigger (partial_int_array.c:13)
==3338117==    by 0x1095E9: run_juliet_case (juliet_driver.h:22)
==3338117==    by 0x1095E9: main (partial_int_array.c:17)
==3338117==  Uninitialised value was created by a heap allocation
==3338117==    at 0x4846828: malloc (in /usr/libexec/valgrind/vgpreload_memcheck-amd64-linux.so)
==3338117==    by 0x10976A: xmalloc (bench.h:35)
==3338117==    by 0x10976A: trigger (partial_int_array.c:11)
==3338117==    by 0x1095E9: run_juliet_case (juliet_driver.h:22)
==3338117==    by 0x1095E9: main (partial_int_array.c:17)
==3338117== 
==3338117== Conditional jump or move depends on uninitialised value(s)
==3338117==    at 0x48C20CC: _itoa_word (_itoa.c:183)
==3338117==    by 0x48CCC9B: __printf_buffer (vfprintf-process-arg.c:155)
==3338117==    by 0x48CE73A: __vfprintf_internal (vfprintf-internal.c:1544)
==3338117==    by 0x48C31B2: printf (printf.c:33)
==3338117==    by 0x1097AE: trigger (partial_int_array.c:13)
==3338117==    by 0x1095E9: run_juliet_case (juliet_driver.h:22)
==3338117==    by 0x1095E9: main (partial_int_array.c:17)
==3338117==  Uninitialised value was created by a heap allocation
==3338117==    at 0x4846828: malloc (in /usr/libexec/valgrind/vgpreload_memcheck-amd64-linux.so)
==3338117==    by 0x10976A: xmalloc (bench.h:35)
==3338117==    by 0x10976A: trigger (partial_int_array.c:11)
==3338117==    by 0x1095E9: run_juliet_case (juliet_driver.h:22)
==3338117==    by 0x1095E9: main (partial_int_array.c:17)
==3338117== 
==3338117== Conditional jump or move depends on uninitialised value(s)
==3338117==    at 0x48CCD85: __printf_buffer (vfprintf-process-arg.c:186)
==3338117==    by 0x48CE73A: __vfprintf_internal (vfprintf-internal.c:1544)
==3338117==    by 0x48C31B2: printf (printf.c:33)
==3338117==    by 0x1097AE: trigger (partial_int_array.c:13)
==3338117==    by 0x1095E9: run_juliet_case (juliet_driver.h:22)
==3338117==    by 0x1095E9: main (partial_int_array.c:17)
==3338117==  Uninitialised value was created by a heap allocation
==3338117==    at 0x4846828: malloc (in /usr/libexec/valgrind/vgpreload_memcheck-amd64-linux.so)
==3338117==    by 0x10976A: xmalloc (bench.h:35)
==3338117==    by 0x10976A: trigger (partial_int_array.c:11)
==3338117==    by 0x1095E9: run_juliet_case (juliet_driver.h:22)
==3338117==    by 0x1095E9: main (partial_int_array.c:17)
==3338117== 
==3338117== 
==3338117== HEAP SUMMARY:
==3338117==     in use at exit: 0 bytes in 0 blocks
==3338117==   total heap usage: 3 allocs, 3 frees, 8,044,096 bytes allocated
==3338117== 
==3338117== All heap blocks were freed -- no leaks are possible
==3338117== 
==3338117== For lists of detected and suppressed errors, rerun with: -s
==3338117== ERROR SUMMARY: 4 errors from 4 contexts (suppressed: 0 from 0)
