==3327218== Memcheck, a memory error detector
==3327218== Copyright (C) 2002-2022, and GNU GPL'd, by Julian Seward et al.
==3327218== Using Valgrind-3.22.0 and LibVEX; rerun with -h for copyright info
==3327218== Command: /home/gl_joulesteam/Joules-team-/results/runs/r08_o001_juliet_uninit_heap_array_large_memcheck/program --size large --threads 4 --seed 20261002
==3327218== 
==3327218== Conditional jump or move depends on uninitialised value(s)
==3327218==    at 0x48CD0CB: __printf_buffer (vfprintf-process-arg.c:58)
==3327218==    by 0x48CE73A: __vfprintf_internal (vfprintf-internal.c:1544)
==3327218==    by 0x48C31B2: printf (printf.c:33)
==3327218==    by 0x109787: trigger (heap_array_no_init.c:12)
==3327218==    by 0x1095E9: run_juliet_case (juliet_driver.h:22)
==3327218==    by 0x1095E9: main (heap_array_no_init.c:16)
==3327218==  Uninitialised value was created by a heap allocation
==3327218==    at 0x4846828: malloc (in /usr/libexec/valgrind/vgpreload_memcheck-amd64-linux.so)
==3327218==    by 0x10976A: xmalloc (bench.h:35)
==3327218==    by 0x10976A: trigger (heap_array_no_init.c:11)
==3327218==    by 0x1095E9: run_juliet_case (juliet_driver.h:22)
==3327218==    by 0x1095E9: main (heap_array_no_init.c:16)
==3327218== 
==3327218== Use of uninitialised value of size 8
==3327218==    at 0x48C20BB: _itoa_word (_itoa.c:183)
==3327218==    by 0x48CCC9B: __printf_buffer (vfprintf-process-arg.c:155)
==3327218==    by 0x48CE73A: __vfprintf_internal (vfprintf-internal.c:1544)
==3327218==    by 0x48C31B2: printf (printf.c:33)
==3327218==    by 0x109787: trigger (heap_array_no_init.c:12)
==3327218==    by 0x1095E9: run_juliet_case (juliet_driver.h:22)
==3327218==    by 0x1095E9: main (heap_array_no_init.c:16)
==3327218==  Uninitialised value was created by a heap allocation
==3327218==    at 0x4846828: malloc (in /usr/libexec/valgrind/vgpreload_memcheck-amd64-linux.so)
==3327218==    by 0x10976A: xmalloc (bench.h:35)
==3327218==    by 0x10976A: trigger (heap_array_no_init.c:11)
==3327218==    by 0x1095E9: run_juliet_case (juliet_driver.h:22)
==3327218==    by 0x1095E9: main (heap_array_no_init.c:16)
==3327218== 
==3327218== Conditional jump or move depends on uninitialised value(s)
==3327218==    at 0x48C20CC: _itoa_word (_itoa.c:183)
==3327218==    by 0x48CCC9B: __printf_buffer (vfprintf-process-arg.c:155)
==3327218==    by 0x48CE73A: __vfprintf_internal (vfprintf-internal.c:1544)
==3327218==    by 0x48C31B2: printf (printf.c:33)
==3327218==    by 0x109787: trigger (heap_array_no_init.c:12)
==3327218==    by 0x1095E9: run_juliet_case (juliet_driver.h:22)
==3327218==    by 0x1095E9: main (heap_array_no_init.c:16)
==3327218==  Uninitialised value was created by a heap allocation
==3327218==    at 0x4846828: malloc (in /usr/libexec/valgrind/vgpreload_memcheck-amd64-linux.so)
==3327218==    by 0x10976A: xmalloc (bench.h:35)
==3327218==    by 0x10976A: trigger (heap_array_no_init.c:11)
==3327218==    by 0x1095E9: run_juliet_case (juliet_driver.h:22)
==3327218==    by 0x1095E9: main (heap_array_no_init.c:16)
==3327218== 
==3327218== Conditional jump or move depends on uninitialised value(s)
==3327218==    at 0x48CCD85: __printf_buffer (vfprintf-process-arg.c:186)
==3327218==    by 0x48CE73A: __vfprintf_internal (vfprintf-internal.c:1544)
==3327218==    by 0x48C31B2: printf (printf.c:33)
==3327218==    by 0x109787: trigger (heap_array_no_init.c:12)
==3327218==    by 0x1095E9: run_juliet_case (juliet_driver.h:22)
==3327218==    by 0x1095E9: main (heap_array_no_init.c:16)
==3327218==  Uninitialised value was created by a heap allocation
==3327218==    at 0x4846828: malloc (in /usr/libexec/valgrind/vgpreload_memcheck-amd64-linux.so)
==3327218==    by 0x10976A: xmalloc (bench.h:35)
==3327218==    by 0x10976A: trigger (heap_array_no_init.c:11)
==3327218==    by 0x1095E9: run_juliet_case (juliet_driver.h:22)
==3327218==    by 0x1095E9: main (heap_array_no_init.c:16)
==3327218== 
==3327218== 
==3327218== HEAP SUMMARY:
==3327218==     in use at exit: 0 bytes in 0 blocks
==3327218==   total heap usage: 3 allocs, 3 frees, 209,044,096 bytes allocated
==3327218== 
==3327218== All heap blocks were freed -- no leaks are possible
==3327218== 
==3327218== For lists of detected and suppressed errors, rerun with: -s
==3327218== ERROR SUMMARY: 4 errors from 4 contexts (suppressed: 0 from 0)
