==3298175== Memcheck, a memory error detector
==3298175== Copyright (C) 2002-2022, and GNU GPL'd, by Julian Seward et al.
==3298175== Using Valgrind-3.22.0 and LibVEX; rerun with -h for copyright info
==3298175== Command: /home/gl_joulesteam/Joules-team-/results/runs/r04_o095_juliet_oob_heap_memcpy_large_memcheck/program --size large --threads 4 --seed 20261002
==3298175== 
==3298175== Invalid read of size 1
==3298175==    at 0x4852EED: memmove (in /usr/libexec/valgrind/vgpreload_memcheck-amd64-linux.so)
==3298175==    by 0x1096D5: trigger (heap_memcpy_overread.c:16)
==3298175==    by 0x1095B7: run_juliet_case (juliet_driver.h:22)
==3298175==    by 0x1095B7: main (heap_memcpy_overread.c:21)
==3298175==  Address 0x110d808a is 0 bytes after a block of size 10 alloc'd
==3298175==    at 0x4846828: malloc (in /usr/libexec/valgrind/vgpreload_memcheck-amd64-linux.so)
==3298175==    by 0x1096A2: xmalloc (bench.h:35)
==3298175==    by 0x1096A2: trigger (heap_memcpy_overread.c:12)
==3298175==    by 0x1095B7: run_juliet_case (juliet_driver.h:22)
==3298175==    by 0x1095B7: main (heap_memcpy_overread.c:21)
==3298175== 
==3298175== 
==3298175== HEAP SUMMARY:
==3298175==     in use at exit: 0 bytes in 0 blocks
==3298175==   total heap usage: 3 allocs, 3 frees, 208,004,106 bytes allocated
==3298175== 
==3298175== All heap blocks were freed -- no leaks are possible
==3298175== 
==3298175== For lists of detected and suppressed errors, rerun with: -s
==3298175== ERROR SUMMARY: 1 errors from 1 contexts (suppressed: 0 from 0)
