==3496001== Memcheck, a memory error detector
==3496001== Copyright (C) 2002-2022, and GNU GPL'd, by Julian Seward et al.
==3496001== Using Valgrind-3.22.0 and LibVEX; rerun with -h for copyright info
==3496001== Command: /home/gl_joulesteam/Joules-team-/results/runs/r28_o227_hash_uninitialized_small_memcheck/program --size small --threads 4 --seed 20261002
==3496001== 
==3496001== Use of uninitialised value of size 8
==3496001==    at 0x48C20BB: _itoa_word (_itoa.c:183)
==3496001==    by 0x48CCC9B: __printf_buffer (vfprintf-process-arg.c:155)
==3496001==    by 0x48CE5A1: __vfprintf_internal (vfprintf-internal.c:1559)
==3496001==    by 0x48C31B2: printf (printf.c:33)
==3496001==    by 0x109D7E: inject (uninitialized_memory.c:14)
==3496001==    by 0x109B1A: run_hash (hash_core.h:65)
==3496001==    by 0x109B1A: main (uninitialized_memory.c:19)
==3496001==  Uninitialised value was created by a heap allocation
==3496001==    at 0x4846828: malloc (in /usr/libexec/valgrind/vgpreload_memcheck-amd64-linux.so)
==3496001==    by 0x109D59: xmalloc (bench.h:35)
==3496001==    by 0x109D59: inject (uninitialized_memory.c:12)
==3496001==    by 0x109B1A: run_hash (hash_core.h:65)
==3496001==    by 0x109B1A: main (uninitialized_memory.c:19)
==3496001== 
==3496001== Conditional jump or move depends on uninitialised value(s)
==3496001==    at 0x48C20CC: _itoa_word (_itoa.c:183)
==3496001==    by 0x48CCC9B: __printf_buffer (vfprintf-process-arg.c:155)
==3496001==    by 0x48CE5A1: __vfprintf_internal (vfprintf-internal.c:1559)
==3496001==    by 0x48C31B2: printf (printf.c:33)
==3496001==    by 0x109D7E: inject (uninitialized_memory.c:14)
==3496001==    by 0x109B1A: run_hash (hash_core.h:65)
==3496001==    by 0x109B1A: main (uninitialized_memory.c:19)
==3496001==  Uninitialised value was created by a heap allocation
==3496001==    at 0x4846828: malloc (in /usr/libexec/valgrind/vgpreload_memcheck-amd64-linux.so)
==3496001==    by 0x109D59: xmalloc (bench.h:35)
==3496001==    by 0x109D59: inject (uninitialized_memory.c:12)
==3496001==    by 0x109B1A: run_hash (hash_core.h:65)
==3496001==    by 0x109B1A: main (uninitialized_memory.c:19)
==3496001== 
==3496001== Conditional jump or move depends on uninitialised value(s)
==3496001==    at 0x48CCD85: __printf_buffer (vfprintf-process-arg.c:186)
==3496001==    by 0x48CE5A1: __vfprintf_internal (vfprintf-internal.c:1559)
==3496001==    by 0x48C31B2: printf (printf.c:33)
==3496001==    by 0x109D7E: inject (uninitialized_memory.c:14)
==3496001==    by 0x109B1A: run_hash (hash_core.h:65)
==3496001==    by 0x109B1A: main (uninitialized_memory.c:19)
==3496001==  Uninitialised value was created by a heap allocation
==3496001==    at 0x4846828: malloc (in /usr/libexec/valgrind/vgpreload_memcheck-amd64-linux.so)
==3496001==    by 0x109D59: xmalloc (bench.h:35)
==3496001==    by 0x109D59: inject (uninitialized_memory.c:12)
==3496001==    by 0x109B1A: run_hash (hash_core.h:65)
==3496001==    by 0x109B1A: main (uninitialized_memory.c:19)
==3496001== 
==3496001== 
==3496001== HEAP SUMMARY:
==3496001==     in use at exit: 0 bytes in 0 blocks
==3496001==   total heap usage: 50,020 allocs, 50,020 frees, 6,129,288 bytes allocated
==3496001== 
==3496001== All heap blocks were freed -- no leaks are possible
==3496001== 
==3496001== For lists of detected and suppressed errors, rerun with: -s
==3496001== ERROR SUMMARY: 3 errors from 3 contexts (suppressed: 0 from 0)
