==3305437== Memcheck, a memory error detector
==3305437== Copyright (C) 2002-2022, and GNU GPL'd, by Julian Seward et al.
==3305437== Using Valgrind-3.22.0 and LibVEX; rerun with -h for copyright info
==3305437== Command: /home/gl_joulesteam/Joules-team-/results/runs/r05_o070_juliet_oob_heap_memcpy_small_memcheck/program --size small --threads 4 --seed 20261002
==3305437== 
==3305437== Invalid read of size 1
==3305437==    at 0x4852EED: memmove (in /usr/libexec/valgrind/vgpreload_memcheck-amd64-linux.so)
==3305437==    by 0x1096D5: trigger (heap_memcpy_overread.c:16)
==3305437==    by 0x1095B7: run_juliet_case (juliet_driver.h:22)
==3305437==    by 0x1095B7: main (heap_memcpy_overread.c:21)
==3305437==  Address 0x521c08a is 0 bytes after a block of size 10 alloc'd
==3305437==    at 0x4846828: malloc (in /usr/libexec/valgrind/vgpreload_memcheck-amd64-linux.so)
==3305437==    by 0x1096A2: xmalloc (bench.h:35)
==3305437==    by 0x1096A2: trigger (heap_memcpy_overread.c:12)
==3305437==    by 0x1095B7: run_juliet_case (juliet_driver.h:22)
==3305437==    by 0x1095B7: main (heap_memcpy_overread.c:21)
==3305437== 
==3305437== 
==3305437== HEAP SUMMARY:
==3305437==     in use at exit: 0 bytes in 0 blocks
==3305437==   total heap usage: 3 allocs, 3 frees, 8,004,106 bytes allocated
==3305437== 
==3305437== All heap blocks were freed -- no leaks are possible
==3305437== 
==3305437== For lists of detected and suppressed errors, rerun with: -s
==3305437== ERROR SUMMARY: 1 errors from 1 contexts (suppressed: 0 from 0)
