==3262804== Memcheck, a memory error detector
==3262804== Copyright (C) 2002-2022, and GNU GPL'd, by Julian Seward et al.
==3262804== Using Valgrind-3.22.0 and LibVEX; rerun with -h for copyright info
==3262804== Command: /home/gl_joulesteam/Joules-team-/results/runs/W_o004_juliet_lifetime_uaf_large_memcheck/program --size large --threads 4 --seed 20261002
==3262804== 
==3262804== Invalid read of size 1
==3262804==    at 0x1096AF: trigger (use_after_free.c:15)
==3262804==    by 0x1095A7: run_juliet_case (juliet_driver.h:22)
==3262804==    by 0x1095A7: main (use_after_free.c:18)
==3262804==  Address 0x110d8080 is 0 bytes inside a block of size 100 free'd
==3262804==    at 0x484988F: free (in /usr/libexec/valgrind/vgpreload_memcheck-amd64-linux.so)
==3262804==    by 0x1096A2: trigger (use_after_free.c:13)
==3262804==    by 0x1095A7: run_juliet_case (juliet_driver.h:22)
==3262804==    by 0x1095A7: main (use_after_free.c:18)
==3262804==  Block was alloc'd at
==3262804==    at 0x4846828: malloc (in /usr/libexec/valgrind/vgpreload_memcheck-amd64-linux.so)
==3262804==    by 0x10968F: xmalloc (bench.h:35)
==3262804==    by 0x10968F: trigger (use_after_free.c:11)
==3262804==    by 0x1095A7: run_juliet_case (juliet_driver.h:22)
==3262804==    by 0x1095A7: main (use_after_free.c:18)
==3262804== 
==3262804== 
==3262804== HEAP SUMMARY:
==3262804==     in use at exit: 0 bytes in 0 blocks
==3262804==   total heap usage: 3 allocs, 3 frees, 208,004,196 bytes allocated
==3262804== 
==3262804== All heap blocks were freed -- no leaks are possible
==3262804== 
==3262804== For lists of detected and suppressed errors, rerun with: -s
==3262804== ERROR SUMMARY: 1 errors from 1 contexts (suppressed: 0 from 0)
