=================================================================
==3270789==ERROR: AddressSanitizer: heap-buffer-overflow on address 0x756be32e1280 at pc 0x5c4e7e3a45ba bp 0x7ffd10c529d0 sp 0x7ffd10c529c8
READ of size 8 at 0x756be32e1280 thread T0
    #0 0x5c4e7e3a45b9 in inject /home/gl_joulesteam/Joules-team-/applications/bst/out_of_bounds.c:13:24
    #1 0x5c4e7e3a424c in run_bst /home/gl_joulesteam/Joules-team-/applications/bst/bst_core.h:63:5
    #2 0x5c4e7e3a424c in main /home/gl_joulesteam/Joules-team-/applications/bst/out_of_bounds.c:16:42
    #3 0x756be302a1c9 in __libc_start_call_main csu/../sysdeps/nptl/libc_start_call_main.h:58:16
    #4 0x756be302a28a in __libc_start_main csu/../csu/libc-start.c:360:3
    #5 0x5c4e7e2ca364 in _start (/home/gl_joulesteam/Joules-team-/results/runs/W_o239_bst_oob_small_asan/program+0x2c364) (BuildId: 1f27c9496fba5268ba1eadd9b76dba2939582c12)

0x756be32e1280 is located 0 bytes after 400000-byte region [0x756be327f800,0x756be32e1280)
allocated by thread T0 here:
    #0 0x5c4e7e3651b3 in malloc (/home/gl_joulesteam/Joules-team-/results/runs/W_o239_bst_oob_small_asan/program+0xc71b3) (BuildId: 1f27c9496fba5268ba1eadd9b76dba2939582c12)
    #1 0x5c4e7e3a3e80 in xmalloc /home/gl_joulesteam/Joules-team-/applications/bst/../../common/bench.h:35:15
    #2 0x5c4e7e3a3e80 in run_bst /home/gl_joulesteam/Joules-team-/applications/bst/bst_core.h:43:25
    #3 0x5c4e7e3a3e80 in main /home/gl_joulesteam/Joules-team-/applications/bst/out_of_bounds.c:16:42
    #4 0x756be302a1c9 in __libc_start_call_main csu/../sysdeps/nptl/libc_start_call_main.h:58:16
    #5 0x756be302a28a in __libc_start_main csu/../csu/libc-start.c:360:3
    #6 0x5c4e7e2ca364 in _start (/home/gl_joulesteam/Joules-team-/results/runs/W_o239_bst_oob_small_asan/program+0x2c364) (BuildId: 1f27c9496fba5268ba1eadd9b76dba2939582c12)

SUMMARY: AddressSanitizer: heap-buffer-overflow /home/gl_joulesteam/Joules-team-/applications/bst/out_of_bounds.c:13:24 in inject
Shadow bytes around the buggy address:
  0x756be32e1000: 00 00 00 00 00 00 00 00 00 00 00 00 00 00 00 00
  0x756be32e1080: 00 00 00 00 00 00 00 00 00 00 00 00 00 00 00 00
  0x756be32e1100: 00 00 00 00 00 00 00 00 00 00 00 00 00 00 00 00
  0x756be32e1180: 00 00 00 00 00 00 00 00 00 00 00 00 00 00 00 00
  0x756be32e1200: 00 00 00 00 00 00 00 00 00 00 00 00 00 00 00 00
=>0x756be32e1280:[fa]fa fa fa fa fa fa fa fa fa fa fa fa fa fa fa
  0x756be32e1300: fa fa fa fa fa fa fa fa fa fa fa fa fa fa fa fa
  0x756be32e1380: fa fa fa fa fa fa fa fa fa fa fa fa fa fa fa fa
  0x756be32e1400: fa fa fa fa fa fa fa fa fa fa fa fa fa fa fa fa
  0x756be32e1480: fa fa fa fa fa fa fa fa fa fa fa fa fa fa fa fa
  0x756be32e1500: fa fa fa fa fa fa fa fa fa fa fa fa fa fa fa fa
Shadow byte legend (one shadow byte represents 8 application bytes):
  Addressable:           00
  Partially addressable: 01 02 03 04 05 06 07 
  Heap left redzone:       fa
  Freed heap region:       fd
  Stack left redzone:      f1
  Stack mid redzone:       f2
  Stack right redzone:     f3
  Stack after return:      f5
  Stack use after scope:   f8
  Global redzone:          f9
  Global init order:       f6
  Poisoned by user:        f7
  Container overflow:      fc
  Array cookie:            ac
  Intra object redzone:    bb
  ASan internal:           fe
  Left alloca redzone:     ca
  Right alloca redzone:    cb
