==3507724== Memcheck, a memory error detector
==3507724== Copyright (C) 2002-2022, and GNU GPL'd, by Julian Seward et al.
==3507724== Using Valgrind-3.22.0 and LibVEX; rerun with -h for copyright info
==3507724== Command: /home/gl_joulesteam/Joules-team-/results/runs/r30_o096_juliet_lifetime_char_leak_small_memcheck/program --size small --threads 4 --seed 20261002
==3507724== 
==3507724== 
==3507724== HEAP SUMMARY:
==3507724==     in use at exit: 10,000 bytes in 1 blocks
==3507724==   total heap usage: 3 allocs, 2 frees, 8,014,096 bytes allocated
==3507724== 
==3507724== 10,000 bytes in 1 blocks are definitely lost in loss record 1 of 1
==3507724==    at 0x4846828: malloc (in /usr/libexec/valgrind/vgpreload_memcheck-amd64-linux.so)
==3507724==    by 0x109775: xmalloc (bench.h:35)
==3507724==    by 0x109775: trigger (char_memory_leak.c:12)
==3507724==    by 0x1095F9: run_juliet_case (juliet_driver.h:22)
==3507724==    by 0x1095F9: main (char_memory_leak.c:18)
==3507724== 
==3507724== LEAK SUMMARY:
==3507724==    definitely lost: 10,000 bytes in 1 blocks
==3507724==    indirectly lost: 0 bytes in 0 blocks
==3507724==      possibly lost: 0 bytes in 0 blocks
==3507724==    still reachable: 0 bytes in 0 blocks
==3507724==         suppressed: 0 bytes in 0 blocks
==3507724== 
==3507724== For lists of detected and suppressed errors, rerun with: -s
==3507724== ERROR SUMMARY: 1 errors from 1 contexts (suppressed: 0 from 0)
