==3509982== Memcheck, a memory error detector
==3509982== Copyright (C) 2002-2022, and GNU GPL'd, by Julian Seward et al.
==3509982== Using Valgrind-3.22.0 and LibVEX; rerun with -h for copyright info
==3509982== Command: /home/gl_joulesteam/Joules-team-/results/runs/r30_o163_hash_uninitialized_large_memcheck/program --size large --threads 4 --seed 20261002
==3509982== 
==3509982== Use of uninitialised value of size 8
==3509982==    at 0x48C20BB: _itoa_word (_itoa.c:183)
==3509982==    by 0x48CCC9B: __printf_buffer (vfprintf-process-arg.c:155)
==3509982==    by 0x48CE5A1: __vfprintf_internal (vfprintf-internal.c:1559)
==3509982==    by 0x48C31B2: printf (printf.c:33)
==3509982==    by 0x109D7E: inject (uninitialized_memory.c:14)
==3509982==    by 0x109B1A: run_hash (hash_core.h:65)
==3509982==    by 0x109B1A: main (uninitialized_memory.c:19)
==3509982==  Uninitialised value was created by a heap allocation
==3509982==    at 0x4846828: malloc (in /usr/libexec/valgrind/vgpreload_memcheck-amd64-linux.so)
==3509982==    by 0x109D59: xmalloc (bench.h:35)
==3509982==    by 0x109D59: inject (uninitialized_memory.c:12)
==3509982==    by 0x109B1A: run_hash (hash_core.h:65)
==3509982==    by 0x109B1A: main (uninitialized_memory.c:19)
==3509982== 
==3509982== Conditional jump or move depends on uninitialised value(s)
==3509982==    at 0x48C20CC: _itoa_word (_itoa.c:183)
==3509982==    by 0x48CCC9B: __printf_buffer (vfprintf-process-arg.c:155)
==3509982==    by 0x48CE5A1: __vfprintf_internal (vfprintf-internal.c:1559)
==3509982==    by 0x48C31B2: printf (printf.c:33)
==3509982==    by 0x109D7E: inject (uninitialized_memory.c:14)
==3509982==    by 0x109B1A: run_hash (hash_core.h:65)
==3509982==    by 0x109B1A: main (uninitialized_memory.c:19)
==3509982==  Uninitialised value was created by a heap allocation
==3509982==    at 0x4846828: malloc (in /usr/libexec/valgrind/vgpreload_memcheck-amd64-linux.so)
==3509982==    by 0x109D59: xmalloc (bench.h:35)
==3509982==    by 0x109D59: inject (uninitialized_memory.c:12)
==3509982==    by 0x109B1A: run_hash (hash_core.h:65)
==3509982==    by 0x109B1A: main (uninitialized_memory.c:19)
==3509982== 
==3509982== Conditional jump or move depends on uninitialised value(s)
==3509982==    at 0x48CCD85: __printf_buffer (vfprintf-process-arg.c:186)
==3509982==    by 0x48CE5A1: __vfprintf_internal (vfprintf-internal.c:1559)
==3509982==    by 0x48C31B2: printf (printf.c:33)
==3509982==    by 0x109D7E: inject (uninitialized_memory.c:14)
==3509982==    by 0x109B1A: run_hash (hash_core.h:65)
==3509982==    by 0x109B1A: main (uninitialized_memory.c:19)
==3509982==  Uninitialised value was created by a heap allocation
==3509982==    at 0x4846828: malloc (in /usr/libexec/valgrind/vgpreload_memcheck-amd64-linux.so)
==3509982==    by 0x109D59: xmalloc (bench.h:35)
==3509982==    by 0x109D59: inject (uninitialized_memory.c:12)
==3509982==    by 0x109B1A: run_hash (hash_core.h:65)
==3509982==    by 0x109B1A: main (uninitialized_memory.c:19)
==3509982== 
==3509982== 
==3509982== HEAP SUMMARY:
==3509982==     in use at exit: 0 bytes in 0 blocks
==3509982==   total heap usage: 300,023 allocs, 300,023 frees, 37,799,304 bytes allocated
==3509982== 
==3509982== All heap blocks were freed -- no leaks are possible
==3509982== 
==3509982== For lists of detected and suppressed errors, rerun with: -s
==3509982== ERROR SUMMARY: 3 errors from 3 contexts (suppressed: 0 from 0)
