==3359529== Memcheck, a memory error detector
==3359529== Copyright (C) 2002-2022, and GNU GPL'd, by Julian Seward et al.
==3359529== Using Valgrind-3.22.0 and LibVEX; rerun with -h for copyright info
==3359529== Command: /home/gl_joulesteam/Joules-team-/results/runs/r11_o240_matrix_lifetime_small_memcheck/program --size small --threads 4 --seed 20261002
==3359529== 
==3359529== 
==3359529== HEAP SUMMARY:
==3359529==     in use at exit: 1,024 bytes in 1 blocks
==3359529==   total heap usage: 11 allocs, 10 frees, 399,648 bytes allocated
==3359529== 
==3359529== 1,024 bytes in 1 blocks are definitely lost in loss record 1 of 1
==3359529==    at 0x4846828: malloc (in /usr/libexec/valgrind/vgpreload_memcheck-amd64-linux.so)
==3359529==    by 0x109B1B: xmalloc (bench.h:35)
==3359529==    by 0x109B1B: inject (lifetime_deallocation.c:12)
==3359529==    by 0x10994F: run_matrix (matrix_core.h:68)
==3359529==    by 0x10994F: main (lifetime_deallocation.c:18)
==3359529== 
==3359529== LEAK SUMMARY:
==3359529==    definitely lost: 1,024 bytes in 1 blocks
==3359529==    indirectly lost: 0 bytes in 0 blocks
==3359529==      possibly lost: 0 bytes in 0 blocks
==3359529==    still reachable: 0 bytes in 0 blocks
==3359529==         suppressed: 0 bytes in 0 blocks
==3359529== 
==3359529== For lists of detected and suppressed errors, rerun with: -s
==3359529== ERROR SUMMARY: 1 errors from 1 contexts (suppressed: 0 from 0)
