==3421323== Memcheck, a memory error detector
==3421323== Copyright (C) 2002-2022, and GNU GPL'd, by Julian Seward et al.
==3421323== Using Valgrind-3.22.0 and LibVEX; rerun with -h for copyright info
==3421323== Command: /home/gl_joulesteam/Joules-team-/results/runs/r19_o160_hash_oob_small_memcheck/program --size small --threads 4 --seed 20261002
==3421323== 
==3421323== Invalid read of size 8
==3421323==    at 0x109D44: inject (out_of_bounds.c:13)
==3421323==    by 0x109B1A: run_hash (hash_core.h:65)
==3421323==    by 0x109B1A: main (out_of_bounds.c:17)
==3421323==  Address 0x54614c0 is 0 bytes after a block of size 2,000,000 alloc'd
==3421323==    at 0x4846828: malloc (in /usr/libexec/valgrind/vgpreload_memcheck-amd64-linux.so)
==3421323==    by 0x1098FA: xmalloc (bench.h:35)
==3421323==    by 0x1098FA: run_hash (hash_core.h:45)
==3421323==    by 0x1098FA: main (out_of_bounds.c:17)
==3421323== 
==3421323== 
==3421323== HEAP SUMMARY:
==3421323==     in use at exit: 0 bytes in 0 blocks
==3421323==   total heap usage: 50,019 allocs, 50,019 frees, 6,129,216 bytes allocated
==3421323== 
==3421323== All heap blocks were freed -- no leaks are possible
==3421323== 
==3421323== For lists of detected and suppressed errors, rerun with: -s
==3421323== ERROR SUMMARY: 1 errors from 1 contexts (suppressed: 0 from 0)
