==3369777== Memcheck, a memory error detector
==3369777== Copyright (C) 2002-2022, and GNU GPL'd, by Julian Seward et al.
==3369777== Using Valgrind-3.22.0 and LibVEX; rerun with -h for copyright info
==3369777== Command: /home/gl_joulesteam/Joules-team-/results/runs/r13_o065_juliet_uninit_partial_struct_small_memcheck/program --size small --threads 4 --seed 20261002
==3369777== 
==3369777== Use of uninitialised value of size 8
==3369777==    at 0x48C20BB: _itoa_word (_itoa.c:183)
==3369777==    by 0x48CCC9B: __printf_buffer (vfprintf-process-arg.c:155)
==3369777==    by 0x48CE73A: __vfprintf_internal (vfprintf-internal.c:1544)
==3369777==    by 0x48C31B2: printf (printf.c:33)
==3369777==    by 0x1097A5: trigger (partial_struct_array.c:15)
==3369777==    by 0x1095E9: run_juliet_case (juliet_driver.h:22)
==3369777==    by 0x1095E9: main (partial_struct_array.c:20)
==3369777==  Uninitialised value was created by a heap allocation
==3369777==    at 0x4846828: malloc (in /usr/libexec/valgrind/vgpreload_memcheck-amd64-linux.so)
==3369777==    by 0x109769: xmalloc (bench.h:35)
==3369777==    by 0x109769: trigger (partial_struct_array.c:13)
==3369777==    by 0x1095E9: run_juliet_case (juliet_driver.h:22)
==3369777==    by 0x1095E9: main (partial_struct_array.c:20)
==3369777== 
==3369777== Conditional jump or move depends on uninitialised value(s)
==3369777==    at 0x48C20CC: _itoa_word (_itoa.c:183)
==3369777==    by 0x48CCC9B: __printf_buffer (vfprintf-process-arg.c:155)
==3369777==    by 0x48CE73A: __vfprintf_internal (vfprintf-internal.c:1544)
==3369777==    by 0x48C31B2: printf (printf.c:33)
==3369777==    by 0x1097A5: trigger (partial_struct_array.c:15)
==3369777==    by 0x1095E9: run_juliet_case (juliet_driver.h:22)
==3369777==    by 0x1095E9: main (partial_struct_array.c:20)
==3369777==  Uninitialised value was created by a heap allocation
==3369777==    at 0x4846828: malloc (in /usr/libexec/valgrind/vgpreload_memcheck-amd64-linux.so)
==3369777==    by 0x109769: xmalloc (bench.h:35)
==3369777==    by 0x109769: trigger (partial_struct_array.c:13)
==3369777==    by 0x1095E9: run_juliet_case (juliet_driver.h:22)
==3369777==    by 0x1095E9: main (partial_struct_array.c:20)
==3369777== 
==3369777== Conditional jump or move depends on uninitialised value(s)
==3369777==    at 0x48CCD85: __printf_buffer (vfprintf-process-arg.c:186)
==3369777==    by 0x48CE73A: __vfprintf_internal (vfprintf-internal.c:1544)
==3369777==    by 0x48C31B2: printf (printf.c:33)
==3369777==    by 0x1097A5: trigger (partial_struct_array.c:15)
==3369777==    by 0x1095E9: run_juliet_case (juliet_driver.h:22)
==3369777==    by 0x1095E9: main (partial_struct_array.c:20)
==3369777==  Uninitialised value was created by a heap allocation
==3369777==    at 0x4846828: malloc (in /usr/libexec/valgrind/vgpreload_memcheck-amd64-linux.so)
==3369777==    by 0x109769: xmalloc (bench.h:35)
==3369777==    by 0x109769: trigger (partial_struct_array.c:13)
==3369777==    by 0x1095E9: run_juliet_case (juliet_driver.h:22)
==3369777==    by 0x1095E9: main (partial_struct_array.c:20)
==3369777== 
==3369777== 
==3369777== HEAP SUMMARY:
==3369777==     in use at exit: 0 bytes in 0 blocks
==3369777==   total heap usage: 3 allocs, 3 frees, 8,164,096 bytes allocated
==3369777== 
==3369777== All heap blocks were freed -- no leaks are possible
==3369777== 
==3369777== For lists of detected and suppressed errors, rerun with: -s
==3369777== ERROR SUMMARY: 3 errors from 3 contexts (suppressed: 0 from 0)
