==3460448== Memcheck, a memory error detector
==3460448== Copyright (C) 2002-2022, and GNU GPL'd, by Julian Seward et al.
==3460448== Using Valgrind-3.22.0 and LibVEX; rerun with -h for copyright info
==3460448== Command: /home/gl_joulesteam/Joules-team-/results/runs/r24_o126_bst_oob_large_memcheck/program --size large --threads 4 --seed 20261002
==3460448== 
==3460448== Invalid read of size 8
==3460448==    at 0x10988C: inject (out_of_bounds.c:13)
==3460448==    by 0x10976A: run_bst (bst_core.h:63)
==3460448==    by 0x10976A: main (out_of_bounds.c:16)
==3460448==  Address 0x670ce40 is 0 bytes after a block of size 4,800,000 alloc'd
==3460448==    at 0x4846828: malloc (in /usr/libexec/valgrind/vgpreload_memcheck-amd64-linux.so)
==3460448==    by 0x109549: xmalloc (bench.h:35)
==3460448==    by 0x109549: run_bst (bst_core.h:43)
==3460448==    by 0x109549: main (out_of_bounds.c:16)
==3460448== 
==3460448== 
==3460448== HEAP SUMMARY:
==3460448==     in use at exit: 0 bytes in 0 blocks
==3460448==   total heap usage: 240,008 allocs, 240,008 frees, 9,605,376 bytes allocated
==3460448== 
==3460448== All heap blocks were freed -- no leaks are possible
==3460448== 
==3460448== For lists of detected and suppressed errors, rerun with: -s
==3460448== ERROR SUMMARY: 1 errors from 1 contexts (suppressed: 0 from 0)
