==3362659== Memcheck, a memory error detector
==3362659== Copyright (C) 2002-2022, and GNU GPL'd, by Julian Seward et al.
==3362659== Using Valgrind-3.22.0 and LibVEX; rerun with -h for copyright info
==3362659== Command: /home/gl_joulesteam/Joules-team-/results/runs/r12_o094_hash_uninitialized_small_memcheck/program --size small --threads 4 --seed 20261002
==3362659== 
==3362659== Use of uninitialised value of size 8
==3362659==    at 0x48C20BB: _itoa_word (_itoa.c:183)
==3362659==    by 0x48CCC9B: __printf_buffer (vfprintf-process-arg.c:155)
==3362659==    by 0x48CE5A1: __vfprintf_internal (vfprintf-internal.c:1559)
==3362659==    by 0x48C31B2: printf (printf.c:33)
==3362659==    by 0x109D7E: inject (uninitialized_memory.c:14)
==3362659==    by 0x109B1A: run_hash (hash_core.h:65)
==3362659==    by 0x109B1A: main (uninitialized_memory.c:19)
==3362659==  Uninitialised value was created by a heap allocation
==3362659==    at 0x4846828: malloc (in /usr/libexec/valgrind/vgpreload_memcheck-amd64-linux.so)
==3362659==    by 0x109D59: xmalloc (bench.h:35)
==3362659==    by 0x109D59: inject (uninitialized_memory.c:12)
==3362659==    by 0x109B1A: run_hash (hash_core.h:65)
==3362659==    by 0x109B1A: main (uninitialized_memory.c:19)
==3362659== 
==3362659== Conditional jump or move depends on uninitialised value(s)
==3362659==    at 0x48C20CC: _itoa_word (_itoa.c:183)
==3362659==    by 0x48CCC9B: __printf_buffer (vfprintf-process-arg.c:155)
==3362659==    by 0x48CE5A1: __vfprintf_internal (vfprintf-internal.c:1559)
==3362659==    by 0x48C31B2: printf (printf.c:33)
==3362659==    by 0x109D7E: inject (uninitialized_memory.c:14)
==3362659==    by 0x109B1A: run_hash (hash_core.h:65)
==3362659==    by 0x109B1A: main (uninitialized_memory.c:19)
==3362659==  Uninitialised value was created by a heap allocation
==3362659==    at 0x4846828: malloc (in /usr/libexec/valgrind/vgpreload_memcheck-amd64-linux.so)
==3362659==    by 0x109D59: xmalloc (bench.h:35)
==3362659==    by 0x109D59: inject (uninitialized_memory.c:12)
==3362659==    by 0x109B1A: run_hash (hash_core.h:65)
==3362659==    by 0x109B1A: main (uninitialized_memory.c:19)
==3362659== 
==3362659== Conditional jump or move depends on uninitialised value(s)
==3362659==    at 0x48CCD85: __printf_buffer (vfprintf-process-arg.c:186)
==3362659==    by 0x48CE5A1: __vfprintf_internal (vfprintf-internal.c:1559)
==3362659==    by 0x48C31B2: printf (printf.c:33)
==3362659==    by 0x109D7E: inject (uninitialized_memory.c:14)
==3362659==    by 0x109B1A: run_hash (hash_core.h:65)
==3362659==    by 0x109B1A: main (uninitialized_memory.c:19)
==3362659==  Uninitialised value was created by a heap allocation
==3362659==    at 0x4846828: malloc (in /usr/libexec/valgrind/vgpreload_memcheck-amd64-linux.so)
==3362659==    by 0x109D59: xmalloc (bench.h:35)
==3362659==    by 0x109D59: inject (uninitialized_memory.c:12)
==3362659==    by 0x109B1A: run_hash (hash_core.h:65)
==3362659==    by 0x109B1A: main (uninitialized_memory.c:19)
==3362659== 
==3362659== 
==3362659== HEAP SUMMARY:
==3362659==     in use at exit: 0 bytes in 0 blocks
==3362659==   total heap usage: 50,020 allocs, 50,020 frees, 6,129,288 bytes allocated
==3362659== 
==3362659== All heap blocks were freed -- no leaks are possible
==3362659== 
==3362659== For lists of detected and suppressed errors, rerun with: -s
==3362659== ERROR SUMMARY: 3 errors from 3 contexts (suppressed: 0 from 0)
