==3304016== Memcheck, a memory error detector
==3304016== Copyright (C) 2002-2022, and GNU GPL'd, by Julian Seward et al.
==3304016== Using Valgrind-3.22.0 and LibVEX; rerun with -h for copyright info
==3304016== Command: /home/gl_joulesteam/Joules-team-/results/runs/r05_o028_hash_oob_large_memcheck/program --size large --threads 4 --seed 20261002
==3304016== 
==3304016== Invalid read of size 8
==3304016==    at 0x109D44: inject (out_of_bounds.c:13)
==3304016==    by 0x109B1A: run_hash (hash_core.h:65)
==3304016==    by 0x109B1A: main (out_of_bounds.c:17)
==3304016==  Address 0x85eab40 is 0 bytes after a block of size 12,000,000 alloc'd
==3304016==    at 0x4846828: malloc (in /usr/libexec/valgrind/vgpreload_memcheck-amd64-linux.so)
==3304016==    by 0x1098FA: xmalloc (bench.h:35)
==3304016==    by 0x1098FA: run_hash (hash_core.h:45)
==3304016==    by 0x1098FA: main (out_of_bounds.c:17)
==3304016== 
==3304016== 
==3304016== HEAP SUMMARY:
==3304016==     in use at exit: 0 bytes in 0 blocks
==3304016==   total heap usage: 300,022 allocs, 300,022 frees, 37,799,232 bytes allocated
==3304016== 
==3304016== All heap blocks were freed -- no leaks are possible
==3304016== 
==3304016== For lists of detected and suppressed errors, rerun with: -s
==3304016== ERROR SUMMARY: 1 errors from 1 contexts (suppressed: 0 from 0)
