==3489634== Memcheck, a memory error detector
==3489634== Copyright (C) 2002-2022, and GNU GPL'd, by Julian Seward et al.
==3489634== Using Valgrind-3.22.0 and LibVEX; rerun with -h for copyright info
==3489634== Command: /home/gl_joulesteam/Joules-team-/results/runs/r28_o036_hash_lifetime_small_memcheck/program --size small --threads 4 --seed 20261002
==3489634== 
==3489634== 
==3489634== HEAP SUMMARY:
==3489634==     in use at exit: 72 bytes in 1 blocks
==3489634==   total heap usage: 50,020 allocs, 50,019 frees, 6,129,288 bytes allocated
==3489634== 
==3489634== 72 bytes in 1 blocks are definitely lost in loss record 1 of 1
==3489634==    at 0x4846828: malloc (in /usr/libexec/valgrind/vgpreload_memcheck-amd64-linux.so)
==3489634==    by 0x109E1C: xmalloc (bench.h:35)
==3489634==    by 0x109E1C: inject (lifetime_deallocation.c:11)
==3489634==    by 0x109B5D: run_hash (hash_core.h:65)
==3489634==    by 0x109B5D: main (lifetime_deallocation.c:18)
==3489634== 
==3489634== LEAK SUMMARY:
==3489634==    definitely lost: 72 bytes in 1 blocks
==3489634==    indirectly lost: 0 bytes in 0 blocks
==3489634==      possibly lost: 0 bytes in 0 blocks
==3489634==    still reachable: 0 bytes in 0 blocks
==3489634==         suppressed: 0 bytes in 0 blocks
==3489634== 
==3489634== For lists of detected and suppressed errors, rerun with: -s
==3489634== ERROR SUMMARY: 1 errors from 1 contexts (suppressed: 0 from 0)
