==3445668== Memcheck, a memory error detector
==3445668== Copyright (C) 2002-2022, and GNU GPL'd, by Julian Seward et al.
==3445668== Using Valgrind-3.22.0 and LibVEX; rerun with -h for copyright info
==3445668== Command: /home/gl_joulesteam/Joules-team-/results/runs/r22_o168_juliet_lifetime_char_leak_small_memcheck/program --size small --threads 4 --seed 20261002
==3445668== 
==3445668== 
==3445668== HEAP SUMMARY:
==3445668==     in use at exit: 10,000 bytes in 1 blocks
==3445668==   total heap usage: 3 allocs, 2 frees, 8,014,096 bytes allocated
==3445668== 
==3445668== 10,000 bytes in 1 blocks are definitely lost in loss record 1 of 1
==3445668==    at 0x4846828: malloc (in /usr/libexec/valgrind/vgpreload_memcheck-amd64-linux.so)
==3445668==    by 0x109775: xmalloc (bench.h:35)
==3445668==    by 0x109775: trigger (char_memory_leak.c:12)
==3445668==    by 0x1095F9: run_juliet_case (juliet_driver.h:22)
==3445668==    by 0x1095F9: main (char_memory_leak.c:18)
==3445668== 
==3445668== LEAK SUMMARY:
==3445668==    definitely lost: 10,000 bytes in 1 blocks
==3445668==    indirectly lost: 0 bytes in 0 blocks
==3445668==      possibly lost: 0 bytes in 0 blocks
==3445668==    still reachable: 0 bytes in 0 blocks
==3445668==         suppressed: 0 bytes in 0 blocks
==3445668== 
==3445668== For lists of detected and suppressed errors, rerun with: -s
==3445668== ERROR SUMMARY: 1 errors from 1 contexts (suppressed: 0 from 0)
