==3289490== Memcheck, a memory error detector
==3289490== Copyright (C) 2002-2022, and GNU GPL'd, by Julian Seward et al.
==3289490== Using Valgrind-3.22.0 and LibVEX; rerun with -h for copyright info
==3289490== Command: /home/gl_joulesteam/Joules-team-/results/runs/r03_o075_juliet_oob_heap_loop_small_memcheck/program --size small --threads 4 --seed 20261002
==3289490== 
==3289490== Invalid read of size 1
==3289490==    at 0x1096D2: trigger (heap_loop_overread.c:15)
==3289490==    by 0x1095A7: run_juliet_case (juliet_driver.h:22)
==3289490==    by 0x1095A7: main (heap_loop_overread.c:19)
==3289490==  Address 0x521c08a is 0 bytes after a block of size 10 alloc'd
==3289490==    at 0x4846828: malloc (in /usr/libexec/valgrind/vgpreload_memcheck-amd64-linux.so)
==3289490==    by 0x109691: xmalloc (bench.h:35)
==3289490==    by 0x109691: trigger (heap_loop_overread.c:12)
==3289490==    by 0x1095A7: run_juliet_case (juliet_driver.h:22)
==3289490==    by 0x1095A7: main (heap_loop_overread.c:19)
==3289490== 
==3289490== 
==3289490== HEAP SUMMARY:
==3289490==     in use at exit: 0 bytes in 0 blocks
==3289490==   total heap usage: 3 allocs, 3 frees, 8,004,106 bytes allocated
==3289490== 
==3289490== All heap blocks were freed -- no leaks are possible
==3289490== 
==3289490== For lists of detected and suppressed errors, rerun with: -s
==3289490== ERROR SUMMARY: 1 errors from 1 contexts (suppressed: 0 from 0)
