==3398386== Memcheck, a memory error detector
==3398386== Copyright (C) 2002-2022, and GNU GPL'd, by Julian Seward et al.
==3398386== Using Valgrind-3.22.0 and LibVEX; rerun with -h for copyright info
==3398386== Command: /home/gl_joulesteam/Joules-team-/results/runs/r16_o196_juliet_lifetime_int64_leak_large_memcheck/program --size large --threads 4 --seed 20261002
==3398386== 
==3398386== 
==3398386== HEAP SUMMARY:
==3398386==     in use at exit: 2,080,000 bytes in 1 blocks
==3398386==   total heap usage: 3 allocs, 2 frees, 210,084,096 bytes allocated
==3398386== 
==3398386== 2,080,000 bytes in 1 blocks are definitely lost in loss record 1 of 1
==3398386==    at 0x4846828: malloc (in /usr/libexec/valgrind/vgpreload_memcheck-amd64-linux.so)
==3398386==    by 0x109762: xmalloc (bench.h:35)
==3398386==    by 0x109762: trigger (int64_memory_leak.c:11)
==3398386==    by 0x1095E9: run_juliet_case (juliet_driver.h:22)
==3398386==    by 0x1095E9: main (int64_memory_leak.c:17)
==3398386== 
==3398386== LEAK SUMMARY:
==3398386==    definitely lost: 2,080,000 bytes in 1 blocks
==3398386==    indirectly lost: 0 bytes in 0 blocks
==3398386==      possibly lost: 0 bytes in 0 blocks
==3398386==    still reachable: 0 bytes in 0 blocks
==3398386==         suppressed: 0 bytes in 0 blocks
==3398386== 
==3398386== For lists of detected and suppressed errors, rerun with: -s
==3398386== ERROR SUMMARY: 1 errors from 1 contexts (suppressed: 0 from 0)
