=================================================================
==3421188==ERROR: AddressSanitizer: stack-buffer-overflow on address 0x792a77f000a0 at pc 0x59bd89a278c3 bp 0x7ffc4cbb2630 sp 0x7ffc4cbb2628
READ of size 8 at 0x792a77f000a0 thread T0
    #0 0x59bd89a278c2 in inject /home/gl_joulesteam/Joules-team-/applications/parallel_matrix/out_of_bounds.c:15:34
    #1 0x59bd89a27432 in run_matrix /home/gl_joulesteam/Joules-team-/applications/parallel_matrix/matrix_core.h:68:5
    #2 0x59bd89a27432 in main /home/gl_joulesteam/Joules-team-/applications/parallel_matrix/out_of_bounds.c:18:42
    #3 0x792a79e2a1c9 in __libc_start_call_main csu/../sysdeps/nptl/libc_start_call_main.h:58:16
    #4 0x792a79e2a28a in __libc_start_main csu/../csu/libc-start.c:360:3
    #5 0x59bd8994d364 in _start (/home/gl_joulesteam/Joules-team-/results/runs/r19_o156_matrix_oob_large_asan/program+0x2c364) (BuildId: 1b3ce281e7996dbea68fd3485cc4e8c5fce74c12)

Address 0x792a77f000a0 is located in stack of thread T0 at offset 160 in frame
    #0 0x59bd89a2778f in inject /home/gl_joulesteam/Joules-team-/applications/parallel_matrix/out_of_bounds.c:10

  This frame has 1 object(s):
    [32, 160) 'sample' (line 12) <== Memory access at offset 160 overflows this variable
HINT: this may be a false positive if your program uses some custom stack unwind mechanism, swapcontext or vfork
      (longjmp and C++ exceptions *are* supported)
SUMMARY: AddressSanitizer: stack-buffer-overflow /home/gl_joulesteam/Joules-team-/applications/parallel_matrix/out_of_bounds.c:15:34 in inject
Shadow bytes around the buggy address:
  0x792a77effe00: 00 00 00 00 00 00 00 00 00 00 00 00 00 00 00 00
  0x792a77effe80: 00 00 00 00 00 00 00 00 00 00 00 00 00 00 00 00
  0x792a77efff00: 00 00 00 00 00 00 00 00 00 00 00 00 00 00 00 00
  0x792a77efff80: 00 00 00 00 00 00 00 00 00 00 00 00 00 00 00 00
  0x792a77f00000: f1 f1 f1 f1 00 00 00 00 00 00 00 00 00 00 00 00
=>0x792a77f00080: 00 00 00 00[f3]f3 f3 f3 00 00 00 00 00 00 00 00
  0x792a77f00100: 00 00 00 00 00 00 00 00 00 00 00 00 00 00 00 00
  0x792a77f00180: 00 00 00 00 00 00 00 00 00 00 00 00 00 00 00 00
  0x792a77f00200: 00 00 00 00 00 00 00 00 00 00 00 00 00 00 00 00
  0x792a77f00280: 00 00 00 00 00 00 00 00 00 00 00 00 00 00 00 00
  0x792a77f00300: 00 00 00 00 00 00 00 00 00 00 00 00 00 00 00 00
Shadow byte legend (one shadow byte represents 8 application bytes):
  Addressable:           00
  Partially addressable: 01 02 03 04 05 06 07 
  Heap left redzone:       fa
  Freed heap region:       fd
  Stack left redzone:      f1
  Stack mid redzone:       f2
  Stack right redzone:     f3
  Stack after return:      f5
  Stack use after scope:   f8
  Global redzone:          f9
  Global init order:       f6
  Poisoned by user:        f7
  Container overflow:      fc
  Array cookie:            ac
  Intra object redzone:    bb
  ASan internal:           fe
  Left alloca redzone:     ca
  Right alloca redzone:    cb
