=================================================================
==3509065==ERROR: AddressSanitizer: heap-buffer-overflow on address 0x78fc30d55c80 at pc 0x55ab39999de4 bp 0x7ffc774f66d0 sp 0x7ffc774f66c8
READ of size 8 at 0x78fc30d55c80 thread T0
    #0 0x55ab39999de3 in inject /home/gl_joulesteam/Joules-team-/applications/hash_table/out_of_bounds.c:13:5
    #1 0x55ab399994c9 in run_hash /home/gl_joulesteam/Joules-team-/applications/hash_table/hash_core.h:65:5
    #2 0x55ab399994c9 in main /home/gl_joulesteam/Joules-team-/applications/hash_table/out_of_bounds.c:17:42
    #3 0x78fc3302a1c9 in __libc_start_call_main csu/../sysdeps/nptl/libc_start_call_main.h:58:16
    #4 0x78fc3302a28a in __libc_start_main csu/../csu/libc-start.c:360:3
    #5 0x55ab398be364 in _start (/home/gl_joulesteam/Joules-team-/results/runs/r30_o136_hash_oob_small_asan/program+0x2c364) (BuildId: fa6009ab623823cea2e7a0e2c39c8b6d07a6f29d)

0x78fc30d55c80 is located 0 bytes after 2000000-byte region [0x78fc30b6d800,0x78fc30d55c80)
allocated by thread T0 here:
    #0 0x55ab399591b3 in malloc (/home/gl_joulesteam/Joules-team-/results/runs/r30_o136_hash_oob_small_asan/program+0xc71b3) (BuildId: fa6009ab623823cea2e7a0e2c39c8b6d07a6f29d)
    #1 0x55ab3999910d in xmalloc /home/gl_joulesteam/Joules-team-/applications/hash_table/../../common/bench.h:35:15
    #2 0x55ab3999910d in run_hash /home/gl_joulesteam/Joules-team-/applications/hash_table/hash_core.h:45:25
    #3 0x55ab3999910d in main /home/gl_joulesteam/Joules-team-/applications/hash_table/out_of_bounds.c:17:42
    #4 0x78fc3302a1c9 in __libc_start_call_main csu/../sysdeps/nptl/libc_start_call_main.h:58:16
    #5 0x78fc3302a28a in __libc_start_main csu/../csu/libc-start.c:360:3
    #6 0x55ab398be364 in _start (/home/gl_joulesteam/Joules-team-/results/runs/r30_o136_hash_oob_small_asan/program+0x2c364) (BuildId: fa6009ab623823cea2e7a0e2c39c8b6d07a6f29d)

SUMMARY: AddressSanitizer: heap-buffer-overflow /home/gl_joulesteam/Joules-team-/applications/hash_table/out_of_bounds.c:13:5 in inject
Shadow bytes around the buggy address:
  0x78fc30d55a00: 00 00 00 00 00 00 00 00 00 00 00 00 00 00 00 00
  0x78fc30d55a80: 00 00 00 00 00 00 00 00 00 00 00 00 00 00 00 00
  0x78fc30d55b00: 00 00 00 00 00 00 00 00 00 00 00 00 00 00 00 00
  0x78fc30d55b80: 00 00 00 00 00 00 00 00 00 00 00 00 00 00 00 00
  0x78fc30d55c00: 00 00 00 00 00 00 00 00 00 00 00 00 00 00 00 00
=>0x78fc30d55c80:[fa]fa fa fa fa fa fa fa fa fa fa fa fa fa fa fa
  0x78fc30d55d00: fa fa fa fa fa fa fa fa fa fa fa fa fa fa fa fa
  0x78fc30d55d80: fa fa fa fa fa fa fa fa fa fa fa fa fa fa fa fa
  0x78fc30d55e00: fa fa fa fa fa fa fa fa fa fa fa fa fa fa fa fa
  0x78fc30d55e80: fa fa fa fa fa fa fa fa fa fa fa fa fa fa fa fa
  0x78fc30d55f00: fa fa fa fa fa fa fa fa fa fa fa fa fa fa fa fa
Shadow byte legend (one shadow byte represents 8 application bytes):
  Addressable:           00
  Partially addressable: 01 02 03 04 05 06 07 
  Heap left redzone:       fa
  Freed heap region:       fd
  Stack left redzone:      f1
  Stack mid redzone:       f2
  Stack right redzone:     f3
  Stack after return:      f5
  Stack use after scope:   f8
  Global redzone:          f9
  Global init order:       f6
  Poisoned by user:        f7
  Container overflow:      fc
  Array cookie:            ac
  Intra object redzone:    bb
  ASan internal:           fe
  Left alloca redzone:     ca
  Right alloca redzone:    cb
