==3338524== Memcheck, a memory error detector
==3338524== Copyright (C) 2002-2022, and GNU GPL'd, by Julian Seward et al.
==3338524== Using Valgrind-3.22.0 and LibVEX; rerun with -h for copyright info
==3338524== Command: /home/gl_joulesteam/Joules-team-/results/runs/r09_o098_bst_oob_large_memcheck/program --size large --threads 4 --seed 20261002
==3338524== 
==3338524== Invalid read of size 8
==3338524==    at 0x10988C: inject (out_of_bounds.c:13)
==3338524==    by 0x10976A: run_bst (bst_core.h:63)
==3338524==    by 0x10976A: main (out_of_bounds.c:16)
==3338524==  Address 0x670ce40 is 0 bytes after a block of size 4,800,000 alloc'd
==3338524==    at 0x4846828: malloc (in /usr/libexec/valgrind/vgpreload_memcheck-amd64-linux.so)
==3338524==    by 0x109549: xmalloc (bench.h:35)
==3338524==    by 0x109549: run_bst (bst_core.h:43)
==3338524==    by 0x109549: main (out_of_bounds.c:16)
==3338524== 
==3338524== 
==3338524== HEAP SUMMARY:
==3338524==     in use at exit: 0 bytes in 0 blocks
==3338524==   total heap usage: 240,008 allocs, 240,008 frees, 9,605,376 bytes allocated
==3338524== 
==3338524== All heap blocks were freed -- no leaks are possible
==3338524== 
==3338524== For lists of detected and suppressed errors, rerun with: -s
==3338524== ERROR SUMMARY: 1 errors from 1 contexts (suppressed: 0 from 0)
