==3457581== Memcheck, a memory error detector
==3457581== Copyright (C) 2002-2022, and GNU GPL'd, by Julian Seward et al.
==3457581== Using Valgrind-3.22.0 and LibVEX; rerun with -h for copyright info
==3457581== Command: /home/gl_joulesteam/Joules-team-/results/runs/r24_o040_juliet_lifetime_uaf_small_memcheck/program --size small --threads 4 --seed 20261002
==3457581== 
==3457581== Invalid read of size 1
==3457581==    at 0x1096AF: trigger (use_after_free.c:15)
==3457581==    by 0x1095A7: run_juliet_case (juliet_driver.h:22)
==3457581==    by 0x1095A7: main (use_after_free.c:18)
==3457581==  Address 0x521c080 is 0 bytes inside a block of size 100 free'd
==3457581==    at 0x484988F: free (in /usr/libexec/valgrind/vgpreload_memcheck-amd64-linux.so)
==3457581==    by 0x1096A2: trigger (use_after_free.c:13)
==3457581==    by 0x1095A7: run_juliet_case (juliet_driver.h:22)
==3457581==    by 0x1095A7: main (use_after_free.c:18)
==3457581==  Block was alloc'd at
==3457581==    at 0x4846828: malloc (in /usr/libexec/valgrind/vgpreload_memcheck-amd64-linux.so)
==3457581==    by 0x10968F: xmalloc (bench.h:35)
==3457581==    by 0x10968F: trigger (use_after_free.c:11)
==3457581==    by 0x1095A7: run_juliet_case (juliet_driver.h:22)
==3457581==    by 0x1095A7: main (use_after_free.c:18)
==3457581== 
==3457581== 
==3457581== HEAP SUMMARY:
==3457581==     in use at exit: 0 bytes in 0 blocks
==3457581==   total heap usage: 3 allocs, 3 frees, 8,004,196 bytes allocated
==3457581== 
==3457581== All heap blocks were freed -- no leaks are possible
==3457581== 
==3457581== For lists of detected and suppressed errors, rerun with: -s
==3457581== ERROR SUMMARY: 1 errors from 1 contexts (suppressed: 0 from 0)
