==3342235== Memcheck, a memory error detector
==3342235== Copyright (C) 2002-2022, and GNU GPL'd, by Julian Seward et al.
==3342235== Using Valgrind-3.22.0 and LibVEX; rerun with -h for copyright info
==3342235== Command: /home/gl_joulesteam/Joules-team-/results/runs/r09_o206_bst_uninitialized_large_memcheck/program --size large --threads 4 --seed 20261002
==3342235== 
==3342235== Use of uninitialised value of size 8
==3342235==    at 0x48C20BB: _itoa_word (_itoa.c:183)
==3342235==    by 0x48CCC9B: __printf_buffer (vfprintf-process-arg.c:155)
==3342235==    by 0x48CE5A1: __vfprintf_internal (vfprintf-internal.c:1559)
==3342235==    by 0x48C31B2: printf (printf.c:33)
==3342235==    by 0x1098BE: inject (uninitialized_memory.c:16)
==3342235==    by 0x10976A: run_bst (bst_core.h:63)
==3342235==    by 0x10976A: main (uninitialized_memory.c:21)
==3342235==  Uninitialised value was created by a heap allocation
==3342235==    at 0x4846828: malloc (in /usr/libexec/valgrind/vgpreload_memcheck-amd64-linux.so)
==3342235==    by 0x109899: xmalloc (bench.h:35)
==3342235==    by 0x109899: inject (uninitialized_memory.c:14)
==3342235==    by 0x10976A: run_bst (bst_core.h:63)
==3342235==    by 0x10976A: main (uninitialized_memory.c:21)
==3342235== 
==3342235== Conditional jump or move depends on uninitialised value(s)
==3342235==    at 0x48C20CC: _itoa_word (_itoa.c:183)
==3342235==    by 0x48CCC9B: __printf_buffer (vfprintf-process-arg.c:155)
==3342235==    by 0x48CE5A1: __vfprintf_internal (vfprintf-internal.c:1559)
==3342235==    by 0x48C31B2: printf (printf.c:33)
==3342235==    by 0x1098BE: inject (uninitialized_memory.c:16)
==3342235==    by 0x10976A: run_bst (bst_core.h:63)
==3342235==    by 0x10976A: main (uninitialized_memory.c:21)
==3342235==  Uninitialised value was created by a heap allocation
==3342235==    at 0x4846828: malloc (in /usr/libexec/valgrind/vgpreload_memcheck-amd64-linux.so)
==3342235==    by 0x109899: xmalloc (bench.h:35)
==3342235==    by 0x109899: inject (uninitialized_memory.c:14)
==3342235==    by 0x10976A: run_bst (bst_core.h:63)
==3342235==    by 0x10976A: main (uninitialized_memory.c:21)
==3342235== 
==3342235== Conditional jump or move depends on uninitialised value(s)
==3342235==    at 0x48CCD85: __printf_buffer (vfprintf-process-arg.c:186)
==3342235==    by 0x48CE5A1: __vfprintf_internal (vfprintf-internal.c:1559)
==3342235==    by 0x48C31B2: printf (printf.c:33)
==3342235==    by 0x1098BE: inject (uninitialized_memory.c:16)
==3342235==    by 0x10976A: run_bst (bst_core.h:63)
==3342235==    by 0x10976A: main (uninitialized_memory.c:21)
==3342235==  Uninitialised value was created by a heap allocation
==3342235==    at 0x4846828: malloc (in /usr/libexec/valgrind/vgpreload_memcheck-amd64-linux.so)
==3342235==    by 0x109899: xmalloc (bench.h:35)
==3342235==    by 0x109899: inject (uninitialized_memory.c:14)
==3342235==    by 0x10976A: run_bst (bst_core.h:63)
==3342235==    by 0x10976A: main (uninitialized_memory.c:21)
==3342235== 
==3342235== 
==3342235== HEAP SUMMARY:
==3342235==     in use at exit: 0 bytes in 0 blocks
==3342235==   total heap usage: 240,009 allocs, 240,009 frees, 9,605,392 bytes allocated
==3342235== 
==3342235== All heap blocks were freed -- no leaks are possible
==3342235== 
==3342235== For lists of detected and suppressed errors, rerun with: -s
==3342235== ERROR SUMMARY: 3 errors from 3 contexts (suppressed: 0 from 0)
