==3427314== Memcheck, a memory error detector
==3427314== Copyright (C) 2002-2022, and GNU GPL'd, by Julian Seward et al.
==3427314== Using Valgrind-3.22.0 and LibVEX; rerun with -h for copyright info
==3427314== Command: /home/gl_joulesteam/Joules-team-/results/runs/r20_o099_juliet_lifetime_char_leak_small_memcheck/program --size small --threads 4 --seed 20261002
==3427314== 
==3427314== 
==3427314== HEAP SUMMARY:
==3427314==     in use at exit: 10,000 bytes in 1 blocks
==3427314==   total heap usage: 3 allocs, 2 frees, 8,014,096 bytes allocated
==3427314== 
==3427314== 10,000 bytes in 1 blocks are definitely lost in loss record 1 of 1
==3427314==    at 0x4846828: malloc (in /usr/libexec/valgrind/vgpreload_memcheck-amd64-linux.so)
==3427314==    by 0x109775: xmalloc (bench.h:35)
==3427314==    by 0x109775: trigger (char_memory_leak.c:12)
==3427314==    by 0x1095F9: run_juliet_case (juliet_driver.h:22)
==3427314==    by 0x1095F9: main (char_memory_leak.c:18)
==3427314== 
==3427314== LEAK SUMMARY:
==3427314==    definitely lost: 10,000 bytes in 1 blocks
==3427314==    indirectly lost: 0 bytes in 0 blocks
==3427314==      possibly lost: 0 bytes in 0 blocks
==3427314==    still reachable: 0 bytes in 0 blocks
==3427314==         suppressed: 0 bytes in 0 blocks
==3427314== 
==3427314== For lists of detected and suppressed errors, rerun with: -s
==3427314== ERROR SUMMARY: 1 errors from 1 contexts (suppressed: 0 from 0)
