=================================================================
==3438568==ERROR: AddressSanitizer: heap-use-after-free on address 0x50200004e210 at pc 0x5b78b2cf760b bp 0x7ffe84ce9ee0 sp 0x7ffe84ce9ed8
READ of size 8 at 0x50200004e210 thread T0
    #0 0x5b78b2cf760a in inject /home/gl_joulesteam/Joules-team-/applications/bst/lifetime_deallocation.c:15:24
    #1 0x5b78b2cf724c in run_bst /home/gl_joulesteam/Joules-team-/applications/bst/bst_core.h:63:5
    #2 0x5b78b2cf724c in main /home/gl_joulesteam/Joules-team-/applications/bst/lifetime_deallocation.c:18:42
    #3 0x79deaf02a1c9 in __libc_start_call_main csu/../sysdeps/nptl/libc_start_call_main.h:58:16
    #4 0x79deaf02a28a in __libc_start_main csu/../csu/libc-start.c:360:3
    #5 0x5b78b2c1d364 in _start (/home/gl_joulesteam/Joules-team-/results/runs/r21_o195_bst_lifetime_small_asan/program+0x2c364) (BuildId: eff2f9ccb2a4ff1c7aafc83ed26894bab7712754)

0x50200004e210 is located 0 bytes inside of 8-byte region [0x50200004e210,0x50200004e218)
freed by thread T0 here:
    #0 0x5b78b2cb7f1a in free (/home/gl_joulesteam/Joules-team-/results/runs/r21_o195_bst_lifetime_small_asan/program+0xc6f1a) (BuildId: eff2f9ccb2a4ff1c7aafc83ed26894bab7712754)
    #1 0x5b78b2cf75f8 in inject /home/gl_joulesteam/Joules-team-/applications/bst/lifetime_deallocation.c:14:5
    #2 0x5b78b2cf724c in run_bst /home/gl_joulesteam/Joules-team-/applications/bst/bst_core.h:63:5
    #3 0x5b78b2cf724c in main /home/gl_joulesteam/Joules-team-/applications/bst/lifetime_deallocation.c:18:42
    #4 0x79deaf02a1c9 in __libc_start_call_main csu/../sysdeps/nptl/libc_start_call_main.h:58:16
    #5 0x79deaf02a28a in __libc_start_main csu/../csu/libc-start.c:360:3
    #6 0x5b78b2c1d364 in _start (/home/gl_joulesteam/Joules-team-/results/runs/r21_o195_bst_lifetime_small_asan/program+0x2c364) (BuildId: eff2f9ccb2a4ff1c7aafc83ed26894bab7712754)

previously allocated by thread T0 here:
    #0 0x5b78b2cb81b3 in malloc (/home/gl_joulesteam/Joules-team-/results/runs/r21_o195_bst_lifetime_small_asan/program+0xc71b3) (BuildId: eff2f9ccb2a4ff1c7aafc83ed26894bab7712754)
    #1 0x5b78b2cf75a9 in xmalloc /home/gl_joulesteam/Joules-team-/applications/bst/../../common/bench.h:35:15
    #2 0x5b78b2cf75a9 in inject /home/gl_joulesteam/Joules-team-/applications/bst/lifetime_deallocation.c:12:24
    #3 0x5b78b2cf724c in run_bst /home/gl_joulesteam/Joules-team-/applications/bst/bst_core.h:63:5
    #4 0x5b78b2cf724c in main /home/gl_joulesteam/Joules-team-/applications/bst/lifetime_deallocation.c:18:42
    #5 0x79deaf02a1c9 in __libc_start_call_main csu/../sysdeps/nptl/libc_start_call_main.h:58:16
    #6 0x79deaf02a28a in __libc_start_main csu/../csu/libc-start.c:360:3
    #7 0x5b78b2c1d364 in _start (/home/gl_joulesteam/Joules-team-/results/runs/r21_o195_bst_lifetime_small_asan/program+0x2c364) (BuildId: eff2f9ccb2a4ff1c7aafc83ed26894bab7712754)

SUMMARY: AddressSanitizer: heap-use-after-free /home/gl_joulesteam/Joules-team-/applications/bst/lifetime_deallocation.c:15:24 in inject
Shadow bytes around the buggy address:
  0x50200004df80: fa fa 00 fa fa fa 00 fa fa fa 00 fa fa fa 00 fa
  0x50200004e000: fa fa 00 fa fa fa 00 fa fa fa 00 fa fa fa 00 fa
  0x50200004e080: fa fa 00 fa fa fa 00 fa fa fa 00 fa fa fa 00 fa
  0x50200004e100: fa fa 00 fa fa fa 00 fa fa fa 00 fa fa fa 00 fa
  0x50200004e180: fa fa 00 fa fa fa 00 fa fa fa 00 fa fa fa 00 fa
=>0x50200004e200: fa fa[fd]fa fa fa fa fa fa fa fa fa fa fa fa fa
  0x50200004e280: fa fa fa fa fa fa fa fa fa fa fa fa fa fa fa fa
  0x50200004e300: fa fa fa fa fa fa fa fa fa fa fa fa fa fa fa fa
  0x50200004e380: fa fa fa fa fa fa fa fa fa fa fa fa fa fa fa fa
  0x50200004e400: fa fa fa fa fa fa fa fa fa fa fa fa fa fa fa fa
  0x50200004e480: fa fa fa fa fa fa fa fa fa fa fa fa fa fa fa fa
Shadow byte legend (one shadow byte represents 8 application bytes):
  Addressable:           00
  Partially addressable: 01 02 03 04 05 06 07 
  Heap left redzone:       fa
  Freed heap region:       fd
  Stack left redzone:      f1
  Stack mid redzone:       f2
  Stack right redzone:     f3
  Stack after return:      f5
  Stack use after scope:   f8
  Global redzone:          f9
  Global init order:       f6
  Poisoned by user:        f7
  Container overflow:      fc
  Array cookie:            ac
  Intra object redzone:    bb
  ASan internal:           fe
  Left alloca redzone:     ca
  Right alloca redzone:    cb
