==3304516== Memcheck, a memory error detector
==3304516== Copyright (C) 2002-2022, and GNU GPL'd, by Julian Seward et al.
==3304516== Using Valgrind-3.22.0 and LibVEX; rerun with -h for copyright info
==3304516== Command: /home/gl_joulesteam/Joules-team-/results/runs/r05_o043_juliet_lifetime_char_leak_large_memcheck/program --size large --threads 4 --seed 20261002
==3304516== 
==3304516== 
==3304516== HEAP SUMMARY:
==3304516==     in use at exit: 260,000 bytes in 1 blocks
==3304516==   total heap usage: 3 allocs, 2 frees, 208,264,096 bytes allocated
==3304516== 
==3304516== 260,000 bytes in 1 blocks are definitely lost in loss record 1 of 1
==3304516==    at 0x4846828: malloc (in /usr/libexec/valgrind/vgpreload_memcheck-amd64-linux.so)
==3304516==    by 0x109775: xmalloc (bench.h:35)
==3304516==    by 0x109775: trigger (char_memory_leak.c:12)
==3304516==    by 0x1095F9: run_juliet_case (juliet_driver.h:22)
==3304516==    by 0x1095F9: main (char_memory_leak.c:18)
==3304516== 
==3304516== LEAK SUMMARY:
==3304516==    definitely lost: 260,000 bytes in 1 blocks
==3304516==    indirectly lost: 0 bytes in 0 blocks
==3304516==      possibly lost: 0 bytes in 0 blocks
==3304516==    still reachable: 0 bytes in 0 blocks
==3304516==         suppressed: 0 bytes in 0 blocks
==3304516== 
==3304516== For lists of detected and suppressed errors, rerun with: -s
==3304516== ERROR SUMMARY: 1 errors from 1 contexts (suppressed: 0 from 0)
