==3303609== Memcheck, a memory error detector
==3303609== Copyright (C) 2002-2022, and GNU GPL'd, by Julian Seward et al.
==3303609== Using Valgrind-3.22.0 and LibVEX; rerun with -h for copyright info
==3303609== Command: /home/gl_joulesteam/Joules-team-/results/runs/r05_o016_hash_uninitialized_large_memcheck/program --size large --threads 4 --seed 20261002
==3303609== 
==3303609== Use of uninitialised value of size 8
==3303609==    at 0x48C20BB: _itoa_word (_itoa.c:183)
==3303609==    by 0x48CCC9B: __printf_buffer (vfprintf-process-arg.c:155)
==3303609==    by 0x48CE5A1: __vfprintf_internal (vfprintf-internal.c:1559)
==3303609==    by 0x48C31B2: printf (printf.c:33)
==3303609==    by 0x109D7E: inject (uninitialized_memory.c:14)
==3303609==    by 0x109B1A: run_hash (hash_core.h:65)
==3303609==    by 0x109B1A: main (uninitialized_memory.c:19)
==3303609==  Uninitialised value was created by a heap allocation
==3303609==    at 0x4846828: malloc (in /usr/libexec/valgrind/vgpreload_memcheck-amd64-linux.so)
==3303609==    by 0x109D59: xmalloc (bench.h:35)
==3303609==    by 0x109D59: inject (uninitialized_memory.c:12)
==3303609==    by 0x109B1A: run_hash (hash_core.h:65)
==3303609==    by 0x109B1A: main (uninitialized_memory.c:19)
==3303609== 
==3303609== Conditional jump or move depends on uninitialised value(s)
==3303609==    at 0x48C20CC: _itoa_word (_itoa.c:183)
==3303609==    by 0x48CCC9B: __printf_buffer (vfprintf-process-arg.c:155)
==3303609==    by 0x48CE5A1: __vfprintf_internal (vfprintf-internal.c:1559)
==3303609==    by 0x48C31B2: printf (printf.c:33)
==3303609==    by 0x109D7E: inject (uninitialized_memory.c:14)
==3303609==    by 0x109B1A: run_hash (hash_core.h:65)
==3303609==    by 0x109B1A: main (uninitialized_memory.c:19)
==3303609==  Uninitialised value was created by a heap allocation
==3303609==    at 0x4846828: malloc (in /usr/libexec/valgrind/vgpreload_memcheck-amd64-linux.so)
==3303609==    by 0x109D59: xmalloc (bench.h:35)
==3303609==    by 0x109D59: inject (uninitialized_memory.c:12)
==3303609==    by 0x109B1A: run_hash (hash_core.h:65)
==3303609==    by 0x109B1A: main (uninitialized_memory.c:19)
==3303609== 
==3303609== Conditional jump or move depends on uninitialised value(s)
==3303609==    at 0x48CCD85: __printf_buffer (vfprintf-process-arg.c:186)
==3303609==    by 0x48CE5A1: __vfprintf_internal (vfprintf-internal.c:1559)
==3303609==    by 0x48C31B2: printf (printf.c:33)
==3303609==    by 0x109D7E: inject (uninitialized_memory.c:14)
==3303609==    by 0x109B1A: run_hash (hash_core.h:65)
==3303609==    by 0x109B1A: main (uninitialized_memory.c:19)
==3303609==  Uninitialised value was created by a heap allocation
==3303609==    at 0x4846828: malloc (in /usr/libexec/valgrind/vgpreload_memcheck-amd64-linux.so)
==3303609==    by 0x109D59: xmalloc (bench.h:35)
==3303609==    by 0x109D59: inject (uninitialized_memory.c:12)
==3303609==    by 0x109B1A: run_hash (hash_core.h:65)
==3303609==    by 0x109B1A: main (uninitialized_memory.c:19)
==3303609== 
==3303609== 
==3303609== HEAP SUMMARY:
==3303609==     in use at exit: 0 bytes in 0 blocks
==3303609==   total heap usage: 300,023 allocs, 300,023 frees, 37,799,304 bytes allocated
==3303609== 
==3303609== All heap blocks were freed -- no leaks are possible
==3303609== 
==3303609== For lists of detected and suppressed errors, rerun with: -s
==3303609== ERROR SUMMARY: 3 errors from 3 contexts (suppressed: 0 from 0)
