==3351473== Memcheck, a memory error detector
==3351473== Copyright (C) 2002-2022, and GNU GPL'd, by Julian Seward et al.
==3351473== Using Valgrind-3.22.0 and LibVEX; rerun with -h for copyright info
==3351473== Command: /home/gl_joulesteam/Joules-team-/results/runs/r11_o002_hash_lifetime_large_memcheck/program --size large --threads 4 --seed 20261002
==3351473== 
==3351473== 
==3351473== HEAP SUMMARY:
==3351473==     in use at exit: 72 bytes in 1 blocks
==3351473==   total heap usage: 300,023 allocs, 300,022 frees, 37,799,304 bytes allocated
==3351473== 
==3351473== 72 bytes in 1 blocks are definitely lost in loss record 1 of 1
==3351473==    at 0x4846828: malloc (in /usr/libexec/valgrind/vgpreload_memcheck-amd64-linux.so)
==3351473==    by 0x109E1C: xmalloc (bench.h:35)
==3351473==    by 0x109E1C: inject (lifetime_deallocation.c:11)
==3351473==    by 0x109B5D: run_hash (hash_core.h:65)
==3351473==    by 0x109B5D: main (lifetime_deallocation.c:18)
==3351473== 
==3351473== LEAK SUMMARY:
==3351473==    definitely lost: 72 bytes in 1 blocks
==3351473==    indirectly lost: 0 bytes in 0 blocks
==3351473==      possibly lost: 0 bytes in 0 blocks
==3351473==    still reachable: 0 bytes in 0 blocks
==3351473==         suppressed: 0 bytes in 0 blocks
==3351473== 
==3351473== For lists of detected and suppressed errors, rerun with: -s
==3351473== ERROR SUMMARY: 1 errors from 1 contexts (suppressed: 0 from 0)
