==3349512== Memcheck, a memory error detector
==3349512== Copyright (C) 2002-2022, and GNU GPL'd, by Julian Seward et al.
==3349512== Using Valgrind-3.22.0 and LibVEX; rerun with -h for copyright info
==3349512== Command: /home/gl_joulesteam/Joules-team-/results/runs/r10_o184_juliet_lifetime_char_leak_large_memcheck/program --size large --threads 4 --seed 20261002
==3349512== 
==3349512== 
==3349512== HEAP SUMMARY:
==3349512==     in use at exit: 260,000 bytes in 1 blocks
==3349512==   total heap usage: 3 allocs, 2 frees, 208,264,096 bytes allocated
==3349512== 
==3349512== 260,000 bytes in 1 blocks are definitely lost in loss record 1 of 1
==3349512==    at 0x4846828: malloc (in /usr/libexec/valgrind/vgpreload_memcheck-amd64-linux.so)
==3349512==    by 0x109775: xmalloc (bench.h:35)
==3349512==    by 0x109775: trigger (char_memory_leak.c:12)
==3349512==    by 0x1095F9: run_juliet_case (juliet_driver.h:22)
==3349512==    by 0x1095F9: main (char_memory_leak.c:18)
==3349512== 
==3349512== LEAK SUMMARY:
==3349512==    definitely lost: 260,000 bytes in 1 blocks
==3349512==    indirectly lost: 0 bytes in 0 blocks
==3349512==      possibly lost: 0 bytes in 0 blocks
==3349512==    still reachable: 0 bytes in 0 blocks
==3349512==         suppressed: 0 bytes in 0 blocks
==3349512== 
==3349512== For lists of detected and suppressed errors, rerun with: -s
==3349512== ERROR SUMMARY: 1 errors from 1 contexts (suppressed: 0 from 0)
