==3369263== Memcheck, a memory error detector
==3369263== Copyright (C) 2002-2022, and GNU GPL'd, by Julian Seward et al.
==3369263== Using Valgrind-3.22.0 and LibVEX; rerun with -h for copyright info
==3369263== Command: /home/gl_joulesteam/Joules-team-/results/runs/r13_o050_matrix_lifetime_small_memcheck/program --size small --threads 4 --seed 20261002
==3369263== 
==3369263== 
==3369263== HEAP SUMMARY:
==3369263==     in use at exit: 1,024 bytes in 1 blocks
==3369263==   total heap usage: 11 allocs, 10 frees, 399,648 bytes allocated
==3369263== 
==3369263== 1,024 bytes in 1 blocks are definitely lost in loss record 1 of 1
==3369263==    at 0x4846828: malloc (in /usr/libexec/valgrind/vgpreload_memcheck-amd64-linux.so)
==3369263==    by 0x109B1B: xmalloc (bench.h:35)
==3369263==    by 0x109B1B: inject (lifetime_deallocation.c:12)
==3369263==    by 0x10994F: run_matrix (matrix_core.h:68)
==3369263==    by 0x10994F: main (lifetime_deallocation.c:18)
==3369263== 
==3369263== LEAK SUMMARY:
==3369263==    definitely lost: 1,024 bytes in 1 blocks
==3369263==    indirectly lost: 0 bytes in 0 blocks
==3369263==      possibly lost: 0 bytes in 0 blocks
==3369263==    still reachable: 0 bytes in 0 blocks
==3369263==         suppressed: 0 bytes in 0 blocks
==3369263== 
==3369263== For lists of detected and suppressed errors, rerun with: -s
==3369263== ERROR SUMMARY: 1 errors from 1 contexts (suppressed: 0 from 0)
