=================================================================
==3400959==ERROR: AddressSanitizer: heap-buffer-overflow on address 0x7551c0371280 at pc 0x612522a075ba bp 0x7ffd8eb26630 sp 0x7ffd8eb26628
READ of size 8 at 0x7551c0371280 thread T0
    #0 0x612522a075b9 in inject /home/gl_joulesteam/Joules-team-/applications/bst/out_of_bounds.c:13:24
    #1 0x612522a0724c in run_bst /home/gl_joulesteam/Joules-team-/applications/bst/bst_core.h:63:5
    #2 0x612522a0724c in main /home/gl_joulesteam/Joules-team-/applications/bst/out_of_bounds.c:16:42
    #3 0x7551c082a1c9 in __libc_start_call_main csu/../sysdeps/nptl/libc_start_call_main.h:58:16
    #4 0x7551c082a28a in __libc_start_main csu/../csu/libc-start.c:360:3
    #5 0x61252292d364 in _start (/home/gl_joulesteam/Joules-team-/results/runs/r17_o033_bst_oob_small_asan/program+0x2c364) (BuildId: 1f27c9496fba5268ba1eadd9b76dba2939582c12)

0x7551c0371280 is located 0 bytes after 400000-byte region [0x7551c030f800,0x7551c0371280)
allocated by thread T0 here:
    #0 0x6125229c81b3 in malloc (/home/gl_joulesteam/Joules-team-/results/runs/r17_o033_bst_oob_small_asan/program+0xc71b3) (BuildId: 1f27c9496fba5268ba1eadd9b76dba2939582c12)
    #1 0x612522a06e80 in xmalloc /home/gl_joulesteam/Joules-team-/applications/bst/../../common/bench.h:35:15
    #2 0x612522a06e80 in run_bst /home/gl_joulesteam/Joules-team-/applications/bst/bst_core.h:43:25
    #3 0x612522a06e80 in main /home/gl_joulesteam/Joules-team-/applications/bst/out_of_bounds.c:16:42
    #4 0x7551c082a1c9 in __libc_start_call_main csu/../sysdeps/nptl/libc_start_call_main.h:58:16
    #5 0x7551c082a28a in __libc_start_main csu/../csu/libc-start.c:360:3
    #6 0x61252292d364 in _start (/home/gl_joulesteam/Joules-team-/results/runs/r17_o033_bst_oob_small_asan/program+0x2c364) (BuildId: 1f27c9496fba5268ba1eadd9b76dba2939582c12)

SUMMARY: AddressSanitizer: heap-buffer-overflow /home/gl_joulesteam/Joules-team-/applications/bst/out_of_bounds.c:13:24 in inject
Shadow bytes around the buggy address:
  0x7551c0371000: 00 00 00 00 00 00 00 00 00 00 00 00 00 00 00 00
  0x7551c0371080: 00 00 00 00 00 00 00 00 00 00 00 00 00 00 00 00
  0x7551c0371100: 00 00 00 00 00 00 00 00 00 00 00 00 00 00 00 00
  0x7551c0371180: 00 00 00 00 00 00 00 00 00 00 00 00 00 00 00 00
  0x7551c0371200: 00 00 00 00 00 00 00 00 00 00 00 00 00 00 00 00
=>0x7551c0371280:[fa]fa fa fa fa fa fa fa fa fa fa fa fa fa fa fa
  0x7551c0371300: fa fa fa fa fa fa fa fa fa fa fa fa fa fa fa fa
  0x7551c0371380: fa fa fa fa fa fa fa fa fa fa fa fa fa fa fa fa
  0x7551c0371400: fa fa fa fa fa fa fa fa fa fa fa fa fa fa fa fa
  0x7551c0371480: fa fa fa fa fa fa fa fa fa fa fa fa fa fa fa fa
  0x7551c0371500: fa fa fa fa fa fa fa fa fa fa fa fa fa fa fa fa
Shadow byte legend (one shadow byte represents 8 application bytes):
  Addressable:           00
  Partially addressable: 01 02 03 04 05 06 07 
  Heap left redzone:       fa
  Freed heap region:       fd
  Stack left redzone:      f1
  Stack mid redzone:       f2
  Stack right redzone:     f3
  Stack after return:      f5
  Stack use after scope:   f8
  Global redzone:          f9
  Global init order:       f6
  Poisoned by user:        f7
  Container overflow:      fc
  Array cookie:            ac
  Intra object redzone:    bb
  ASan internal:           fe
  Left alloca redzone:     ca
  Right alloca redzone:    cb
