==================
WARNING: ThreadSanitizer: data race (pid=3433387)
  Write of size 8 at 0x583c7b0346a0 by thread T6:
    #0 race_worker /home/gl_joulesteam/Joules-team-/applications/bst/data_race.c:10:69 (program+0xdf7a4) (BuildId: fa48972b37186745e1dda7017f969d9f0ffa33f1)

  Previous write of size 8 at 0x583c7b0346a0 by thread T5:
    #0 race_worker /home/gl_joulesteam/Joules-team-/applications/bst/data_race.c:10:69 (program+0xdf7a4) (BuildId: fa48972b37186745e1dda7017f969d9f0ffa33f1)

  Location is global 'successful_searches' of size 8 at 0x583c7b0346a0 (program+0x148b6a0)

  Thread T6 (tid=3433394, running) created by main thread at:
    #0 pthread_create <null> (program+0x605ff) (BuildId: fa48972b37186745e1dda7017f969d9f0ffa33f1)
    #1 inject /home/gl_joulesteam/Joules-team-/applications/bst/data_race.c:26:5 (program+0xdf5f6) (BuildId: fa48972b37186745e1dda7017f969d9f0ffa33f1)
    #2 run_bst /home/gl_joulesteam/Joules-team-/applications/bst/bst_core.h:63:5 (program+0xdf399) (BuildId: fa48972b37186745e1dda7017f969d9f0ffa33f1)
    #3 main /home/gl_joulesteam/Joules-team-/applications/bst/data_race.c:32:42 (program+0xdf399)

  Thread T5 (tid=3433393, finished) created by main thread at:
    #0 pthread_create <null> (program+0x605ff) (BuildId: fa48972b37186745e1dda7017f969d9f0ffa33f1)
    #1 inject /home/gl_joulesteam/Joules-team-/applications/bst/data_race.c:25:5 (program+0xdf5e2) (BuildId: fa48972b37186745e1dda7017f969d9f0ffa33f1)
    #2 run_bst /home/gl_joulesteam/Joules-team-/applications/bst/bst_core.h:63:5 (program+0xdf399) (BuildId: fa48972b37186745e1dda7017f969d9f0ffa33f1)
    #3 main /home/gl_joulesteam/Joules-team-/applications/bst/data_race.c:32:42 (program+0xdf399)

SUMMARY: ThreadSanitizer: data race /home/gl_joulesteam/Joules-team-/applications/bst/data_race.c:10:69 in race_worker
==================
ThreadSanitizer: reported 1 warnings
