==3375410== Memcheck, a memory error detector
==3375410== Copyright (C) 2002-2022, and GNU GPL'd, by Julian Seward et al.
==3375410== Using Valgrind-3.22.0 and LibVEX; rerun with -h for copyright info
==3375410== Command: /home/gl_joulesteam/Joules-team-/results/runs/r13_o233_matrix_lifetime_large_memcheck/program --size large --threads 4 --seed 20261002
==3375410== 
==3375410== 
==3375410== HEAP SUMMARY:
==3375410==     in use at exit: 4,864 bytes in 1 blocks
==3375410==   total heap usage: 11 allocs, 10 frees, 8,882,208 bytes allocated
==3375410== 
==3375410== 4,864 bytes in 1 blocks are definitely lost in loss record 1 of 1
==3375410==    at 0x4846828: malloc (in /usr/libexec/valgrind/vgpreload_memcheck-amd64-linux.so)
==3375410==    by 0x109B1B: xmalloc (bench.h:35)
==3375410==    by 0x109B1B: inject (lifetime_deallocation.c:12)
==3375410==    by 0x10994F: run_matrix (matrix_core.h:68)
==3375410==    by 0x10994F: main (lifetime_deallocation.c:18)
==3375410== 
==3375410== LEAK SUMMARY:
==3375410==    definitely lost: 4,864 bytes in 1 blocks
==3375410==    indirectly lost: 0 bytes in 0 blocks
==3375410==      possibly lost: 0 bytes in 0 blocks
==3375410==    still reachable: 0 bytes in 0 blocks
==3375410==         suppressed: 0 bytes in 0 blocks
==3375410== 
==3375410== For lists of detected and suppressed errors, rerun with: -s
==3375410== ERROR SUMMARY: 1 errors from 1 contexts (suppressed: 0 from 0)
