==3408140== Memcheck, a memory error detector
==3408140== Copyright (C) 2002-2022, and GNU GPL'd, by Julian Seward et al.
==3408140== Using Valgrind-3.22.0 and LibVEX; rerun with -h for copyright info
==3408140== Command: /home/gl_joulesteam/Joules-team-/results/runs/r18_o007_hash_oob_small_memcheck/program --size small --threads 4 --seed 20261002
==3408140== 
==3408140== Invalid read of size 8
==3408140==    at 0x109D44: inject (out_of_bounds.c:13)
==3408140==    by 0x109B1A: run_hash (hash_core.h:65)
==3408140==    by 0x109B1A: main (out_of_bounds.c:17)
==3408140==  Address 0x54614c0 is 0 bytes after a block of size 2,000,000 alloc'd
==3408140==    at 0x4846828: malloc (in /usr/libexec/valgrind/vgpreload_memcheck-amd64-linux.so)
==3408140==    by 0x1098FA: xmalloc (bench.h:35)
==3408140==    by 0x1098FA: run_hash (hash_core.h:45)
==3408140==    by 0x1098FA: main (out_of_bounds.c:17)
==3408140== 
==3408140== 
==3408140== HEAP SUMMARY:
==3408140==     in use at exit: 0 bytes in 0 blocks
==3408140==   total heap usage: 50,019 allocs, 50,019 frees, 6,129,216 bytes allocated
==3408140== 
==3408140== All heap blocks were freed -- no leaks are possible
==3408140== 
==3408140== For lists of detected and suppressed errors, rerun with: -s
==3408140== ERROR SUMMARY: 1 errors from 1 contexts (suppressed: 0 from 0)
