==3320883== Memcheck, a memory error detector
==3320883== Copyright (C) 2002-2022, and GNU GPL'd, by Julian Seward et al.
==3320883== Using Valgrind-3.22.0 and LibVEX; rerun with -h for copyright info
==3320883== Command: /home/gl_joulesteam/Joules-team-/results/runs/r07_o052_juliet_lifetime_char_leak_small_memcheck/program --size small --threads 4 --seed 20261002
==3320883== 
==3320883== 
==3320883== HEAP SUMMARY:
==3320883==     in use at exit: 10,000 bytes in 1 blocks
==3320883==   total heap usage: 3 allocs, 2 frees, 8,014,096 bytes allocated
==3320883== 
==3320883== 10,000 bytes in 1 blocks are definitely lost in loss record 1 of 1
==3320883==    at 0x4846828: malloc (in /usr/libexec/valgrind/vgpreload_memcheck-amd64-linux.so)
==3320883==    by 0x109775: xmalloc (bench.h:35)
==3320883==    by 0x109775: trigger (char_memory_leak.c:12)
==3320883==    by 0x1095F9: run_juliet_case (juliet_driver.h:22)
==3320883==    by 0x1095F9: main (char_memory_leak.c:18)
==3320883== 
==3320883== LEAK SUMMARY:
==3320883==    definitely lost: 10,000 bytes in 1 blocks
==3320883==    indirectly lost: 0 bytes in 0 blocks
==3320883==      possibly lost: 0 bytes in 0 blocks
==3320883==    still reachable: 0 bytes in 0 blocks
==3320883==         suppressed: 0 bytes in 0 blocks
==3320883== 
==3320883== For lists of detected and suppressed errors, rerun with: -s
==3320883== ERROR SUMMARY: 1 errors from 1 contexts (suppressed: 0 from 0)
