==3481218== Memcheck, a memory error detector
==3481218== Copyright (C) 2002-2022, and GNU GPL'd, by Julian Seward et al.
==3481218== Using Valgrind-3.22.0 and LibVEX; rerun with -h for copyright info
==3481218== Command: /home/gl_joulesteam/Joules-team-/results/runs/r27_o025_juliet_lifetime_char_leak_large_memcheck/program --size large --threads 4 --seed 20261002
==3481218== 
==3481218== 
==3481218== HEAP SUMMARY:
==3481218==     in use at exit: 260,000 bytes in 1 blocks
==3481218==   total heap usage: 3 allocs, 2 frees, 208,264,096 bytes allocated
==3481218== 
==3481218== 260,000 bytes in 1 blocks are definitely lost in loss record 1 of 1
==3481218==    at 0x4846828: malloc (in /usr/libexec/valgrind/vgpreload_memcheck-amd64-linux.so)
==3481218==    by 0x109775: xmalloc (bench.h:35)
==3481218==    by 0x109775: trigger (char_memory_leak.c:12)
==3481218==    by 0x1095F9: run_juliet_case (juliet_driver.h:22)
==3481218==    by 0x1095F9: main (char_memory_leak.c:18)
==3481218== 
==3481218== LEAK SUMMARY:
==3481218==    definitely lost: 260,000 bytes in 1 blocks
==3481218==    indirectly lost: 0 bytes in 0 blocks
==3481218==      possibly lost: 0 bytes in 0 blocks
==3481218==    still reachable: 0 bytes in 0 blocks
==3481218==         suppressed: 0 bytes in 0 blocks
==3481218== 
==3481218== For lists of detected and suppressed errors, rerun with: -s
==3481218== ERROR SUMMARY: 1 errors from 1 contexts (suppressed: 0 from 0)
