==3380642== Memcheck, a memory error detector
==3380642== Copyright (C) 2002-2022, and GNU GPL'd, by Julian Seward et al.
==3380642== Using Valgrind-3.22.0 and LibVEX; rerun with -h for copyright info
==3380642== Command: /home/gl_joulesteam/Joules-team-/results/runs/r14_o149_juliet_uninit_partial_int_small_memcheck/program --size small --threads 4 --seed 20261002
==3380642== 
==3380642== Conditional jump or move depends on uninitialised value(s)
==3380642==    at 0x48CD0CB: __printf_buffer (vfprintf-process-arg.c:58)
==3380642==    by 0x48CE73A: __vfprintf_internal (vfprintf-internal.c:1544)
==3380642==    by 0x48C31B2: printf (printf.c:33)
==3380642==    by 0x1097AE: trigger (partial_int_array.c:13)
==3380642==    by 0x1095E9: run_juliet_case (juliet_driver.h:22)
==3380642==    by 0x1095E9: main (partial_int_array.c:17)
==3380642==  Uninitialised value was created by a heap allocation
==3380642==    at 0x4846828: malloc (in /usr/libexec/valgrind/vgpreload_memcheck-amd64-linux.so)
==3380642==    by 0x10976A: xmalloc (bench.h:35)
==3380642==    by 0x10976A: trigger (partial_int_array.c:11)
==3380642==    by 0x1095E9: run_juliet_case (juliet_driver.h:22)
==3380642==    by 0x1095E9: main (partial_int_array.c:17)
==3380642== 
==3380642== Use of uninitialised value of size 8
==3380642==    at 0x48C20BB: _itoa_word (_itoa.c:183)
==3380642==    by 0x48CCC9B: __printf_buffer (vfprintf-process-arg.c:155)
==3380642==    by 0x48CE73A: __vfprintf_internal (vfprintf-internal.c:1544)
==3380642==    by 0x48C31B2: printf (printf.c:33)
==3380642==    by 0x1097AE: trigger (partial_int_array.c:13)
==3380642==    by 0x1095E9: run_juliet_case (juliet_driver.h:22)
==3380642==    by 0x1095E9: main (partial_int_array.c:17)
==3380642==  Uninitialised value was created by a heap allocation
==3380642==    at 0x4846828: malloc (in /usr/libexec/valgrind/vgpreload_memcheck-amd64-linux.so)
==3380642==    by 0x10976A: xmalloc (bench.h:35)
==3380642==    by 0x10976A: trigger (partial_int_array.c:11)
==3380642==    by 0x1095E9: run_juliet_case (juliet_driver.h:22)
==3380642==    by 0x1095E9: main (partial_int_array.c:17)
==3380642== 
==3380642== Conditional jump or move depends on uninitialised value(s)
==3380642==    at 0x48C20CC: _itoa_word (_itoa.c:183)
==3380642==    by 0x48CCC9B: __printf_buffer (vfprintf-process-arg.c:155)
==3380642==    by 0x48CE73A: __vfprintf_internal (vfprintf-internal.c:1544)
==3380642==    by 0x48C31B2: printf (printf.c:33)
==3380642==    by 0x1097AE: trigger (partial_int_array.c:13)
==3380642==    by 0x1095E9: run_juliet_case (juliet_driver.h:22)
==3380642==    by 0x1095E9: main (partial_int_array.c:17)
==3380642==  Uninitialised value was created by a heap allocation
==3380642==    at 0x4846828: malloc (in /usr/libexec/valgrind/vgpreload_memcheck-amd64-linux.so)
==3380642==    by 0x10976A: xmalloc (bench.h:35)
==3380642==    by 0x10976A: trigger (partial_int_array.c:11)
==3380642==    by 0x1095E9: run_juliet_case (juliet_driver.h:22)
==3380642==    by 0x1095E9: main (partial_int_array.c:17)
==3380642== 
==3380642== Conditional jump or move depends on uninitialised value(s)
==3380642==    at 0x48CCD85: __printf_buffer (vfprintf-process-arg.c:186)
==3380642==    by 0x48CE73A: __vfprintf_internal (vfprintf-internal.c:1544)
==3380642==    by 0x48C31B2: printf (printf.c:33)
==3380642==    by 0x1097AE: trigger (partial_int_array.c:13)
==3380642==    by 0x1095E9: run_juliet_case (juliet_driver.h:22)
==3380642==    by 0x1095E9: main (partial_int_array.c:17)
==3380642==  Uninitialised value was created by a heap allocation
==3380642==    at 0x4846828: malloc (in /usr/libexec/valgrind/vgpreload_memcheck-amd64-linux.so)
==3380642==    by 0x10976A: xmalloc (bench.h:35)
==3380642==    by 0x10976A: trigger (partial_int_array.c:11)
==3380642==    by 0x1095E9: run_juliet_case (juliet_driver.h:22)
==3380642==    by 0x1095E9: main (partial_int_array.c:17)
==3380642== 
==3380642== 
==3380642== HEAP SUMMARY:
==3380642==     in use at exit: 0 bytes in 0 blocks
==3380642==   total heap usage: 3 allocs, 3 frees, 8,044,096 bytes allocated
==3380642== 
==3380642== All heap blocks were freed -- no leaks are possible
==3380642== 
==3380642== For lists of detected and suppressed errors, rerun with: -s
==3380642== ERROR SUMMARY: 4 errors from 4 contexts (suppressed: 0 from 0)
