==3387962== Memcheck, a memory error detector
==3387962== Copyright (C) 2002-2022, and GNU GPL'd, by Julian Seward et al.
==3387962== Using Valgrind-3.22.0 and LibVEX; rerun with -h for copyright info
==3387962== Command: /home/gl_joulesteam/Joules-team-/results/runs/r15_o129_juliet_lifetime_int64_leak_small_memcheck/program --size small --threads 4 --seed 20261002
==3387962== 
==3387962== 
==3387962== HEAP SUMMARY:
==3387962==     in use at exit: 80,000 bytes in 1 blocks
==3387962==   total heap usage: 3 allocs, 2 frees, 8,084,096 bytes allocated
==3387962== 
==3387962== 80,000 bytes in 1 blocks are definitely lost in loss record 1 of 1
==3387962==    at 0x4846828: malloc (in /usr/libexec/valgrind/vgpreload_memcheck-amd64-linux.so)
==3387962==    by 0x109762: xmalloc (bench.h:35)
==3387962==    by 0x109762: trigger (int64_memory_leak.c:11)
==3387962==    by 0x1095E9: run_juliet_case (juliet_driver.h:22)
==3387962==    by 0x1095E9: main (int64_memory_leak.c:17)
==3387962== 
==3387962== LEAK SUMMARY:
==3387962==    definitely lost: 80,000 bytes in 1 blocks
==3387962==    indirectly lost: 0 bytes in 0 blocks
==3387962==      possibly lost: 0 bytes in 0 blocks
==3387962==    still reachable: 0 bytes in 0 blocks
==3387962==         suppressed: 0 bytes in 0 blocks
==3387962== 
==3387962== For lists of detected and suppressed errors, rerun with: -s
==3387962== ERROR SUMMARY: 1 errors from 1 contexts (suppressed: 0 from 0)
